Archive member included to satisfy reference by file (symbol)

.\CortexM3\ARM_GCC_541\Debug\EAA_Lab2.a(ErikaOS_1_ee_activate.o)
                              .\CortexM3\ARM_GCC_541\Debug\main.o (EE_oo_ActivateTask)
.\CortexM3\ARM_GCC_541\Debug\EAA_Lab2.a(ErikaOS_1_ee_alsetrel.o)
                              .\CortexM3\ARM_GCC_541\Debug\main.o (EE_oo_SetRelAlarm)
.\CortexM3\ARM_GCC_541\Debug\EAA_Lab2.a(ErikaOS_1_ee_altick.o)
                              .\CortexM3\ARM_GCC_541\Debug\EAA_Lab2.a(ErikaOS_1_ee_alsetrel.o) (EE_oo_counter_object_insert)
.\CortexM3\ARM_GCC_541\Debug\EAA_Lab2.a(ErikaOS_1_ee_evclear.o)
                              .\CortexM3\ARM_GCC_541\Debug\tsk_control.o (EE_oo_ClearEvent)
.\CortexM3\ARM_GCC_541\Debug\EAA_Lab2.a(ErikaOS_1_ee_evget.o)
                              .\CortexM3\ARM_GCC_541\Debug\tsk_control.o (EE_oo_GetEvent)
.\CortexM3\ARM_GCC_541\Debug\EAA_Lab2.a(ErikaOS_1_ee_evset.o)
                              .\CortexM3\ARM_GCC_541\Debug\main.o (EE_oo_SetEvent)
.\CortexM3\ARM_GCC_541\Debug\EAA_Lab2.a(ErikaOS_1_ee_evwait.o)
                              .\CortexM3\ARM_GCC_541\Debug\tsk_control.o (EE_oo_WaitEvent)
.\CortexM3\ARM_GCC_541\Debug\EAA_Lab2.a(ErikaOS_1_ee_irqendin.o)
                              .\CortexM3\ARM_GCC_541\Debug\main.o (EE_IRQ_end_post_stub)
.\CortexM3\ARM_GCC_541\Debug\EAA_Lab2.a(ErikaOS_1_ee_lockres.o)
                              .\CortexM3\ARM_GCC_541\Debug\main.o (EE_oo_GetResource)
.\CortexM3\ARM_GCC_541\Debug\EAA_Lab2.a(ErikaOS_1_ee_lookup.o)
                              .\CortexM3\ARM_GCC_541\Debug\EAA_Lab2.a(ErikaOS_1_ee_irqendin.o) (EE_oo_IRQ_disable_count)
.\CortexM3\ARM_GCC_541\Debug\EAA_Lab2.a(ErikaOS_1_ee_rq_exchg.o)
                              .\CortexM3\ARM_GCC_541\Debug\EAA_Lab2.a(ErikaOS_1_ee_activate.o) (EE_rq2stk_exchange)
.\CortexM3\ARM_GCC_541\Debug\EAA_Lab2.a(ErikaOS_1_ee_rq_first.o)
                              .\CortexM3\ARM_GCC_541\Debug\EAA_Lab2.a(ErikaOS_1_ee_activate.o) (EE_rq_queryfirst)
.\CortexM3\ARM_GCC_541\Debug\EAA_Lab2.a(ErikaOS_1_ee_rq_inser.o)
                              .\CortexM3\ARM_GCC_541\Debug\EAA_Lab2.a(ErikaOS_1_ee_activate.o) (EE_rq_insert)
.\CortexM3\ARM_GCC_541\Debug\EAA_Lab2.a(ErikaOS_1_ee_startos.o)
                              .\CortexM3\ARM_GCC_541\Debug\main.o (EE_oo_StartOS)
.\CortexM3\ARM_GCC_541\Debug\EAA_Lab2.a(ErikaOS_1_ee_terminat.o)
                              .\CortexM3\ARM_GCC_541\Debug\main.o (EE_oo_TerminateTask)
.\CortexM3\ARM_GCC_541\Debug\EAA_Lab2.a(ErikaOS_1_ee_ulockres.o)
                              .\CortexM3\ARM_GCC_541\Debug\main.o (EE_oo_ReleaseResource)
.\CortexM3\ARM_GCC_541\Debug\EAA_Lab2.a(ErikaOS_1_cortex_mx_ee_utils.o)
                              .\CortexM3\ARM_GCC_541\Debug\main.o (EE_system_init)
.\CortexM3\ARM_GCC_541\Debug\EAA_Lab2.a(ErikaOS_1_common_ee_hal_structs.o)
                              .\CortexM3\ARM_GCC_541\Debug\EAA_Lab2.a(ErikaOS_1_ee_irqendin.o) (EE_std_endcycle_next_tid)
.\CortexM3\ARM_GCC_541\Debug\EAA_Lab2.a(ErikaOS_1_eecfg.o)
                              .\CortexM3\ARM_GCC_541\Debug\EAA_Lab2.a(ErikaOS_1_ee_startos.o) (EE_oo_autostart_task_data)
.\CortexM3\ARM_GCC_541\Debug\EAA_Lab2.a(SEVEN_DP.o)
                              .\CortexM3\ARM_GCC_541\Debug\seven.o (SEVEN_DP_Write)
.\CortexM3\ARM_GCC_541\Debug\EAA_Lab2.a(SEVEN_SELECT.o)
                              .\CortexM3\ARM_GCC_541\Debug\seven.o (SEVEN_SELECT_Write)
.\CortexM3\ARM_GCC_541\Debug\EAA_Lab2.a(SEVEN_reg.o)
                              .\CortexM3\ARM_GCC_541\Debug\seven.o (SEVEN_reg_Write)
.\CortexM3\ARM_GCC_541\Debug\EAA_Lab2.a(BUTTON_1.o)
                              .\CortexM3\ARM_GCC_541\Debug\button.o (BUTTON_1_Read)
.\CortexM3\ARM_GCC_541\Debug\EAA_Lab2.a(isr_Button.o)
                              .\CortexM3\ARM_GCC_541\Debug\button.o (isr_Button_StartEx)
.\CortexM3\ARM_GCC_541\Debug\EAA_Lab2.a(BUTTON_2.o)
                              .\CortexM3\ARM_GCC_541\Debug\button.o (BUTTON_2_Read)
.\CortexM3\ARM_GCC_541\Debug\EAA_Lab2.a(BUTTON_3.o)
                              .\CortexM3\ARM_GCC_541\Debug\button.o (BUTTON_3_Read)
.\CortexM3\ARM_GCC_541\Debug\EAA_Lab2.a(BUTTON_4.o)
                              .\CortexM3\ARM_GCC_541\Debug\button.o (BUTTON_4_Read)
.\CortexM3\ARM_GCC_541\Debug\EAA_Lab2.a(LED_red.o)
                              .\CortexM3\ARM_GCC_541\Debug\led.o (LED_red_Write)
.\CortexM3\ARM_GCC_541\Debug\EAA_Lab2.a(LED_yellow.o)
                              .\CortexM3\ARM_GCC_541\Debug\led.o (LED_yellow_Write)
.\CortexM3\ARM_GCC_541\Debug\EAA_Lab2.a(LED_green.o)
                              .\CortexM3\ARM_GCC_541\Debug\led.o (LED_green_Write)
.\CortexM3\ARM_GCC_541\Debug\EAA_Lab2.a(UART_LOG.o)
                              .\CortexM3\ARM_GCC_541\Debug\main.o (UART_LOG_Start)
.\CortexM3\ARM_GCC_541\Debug\EAA_Lab2.a(RGB_PWM_red.o)
                              .\CortexM3\ARM_GCC_541\Debug\led.o (RGB_PWM_red_WriteCompare)
[...]
Memory Configuration

Name             Origin             Length             Attributes
rom              0x00000000         0x00040000         xr
ram              0x1fff8000         0x00010000         xrw
*default*        0x00000000         0xffffffff

Linker script and memory map

LOAD c:/program files (x86)/cypress/psoc creator/4.4/psoc creator/import/gnu/arm/5.4.1/bin/../lib/gcc/arm-none-eabi/5.4.1/armv7-m/crti.o
LOAD c:/program files (x86)/cypress/psoc creator/4.4/psoc creator/import/gnu/arm/5.4.1/bin/../lib/gcc/arm-none-eabi/5.4.1/armv7-m/crtbegin.o
LOAD c:/program files (x86)/cypress/psoc creator/4.4/psoc creator/import/gnu/arm/5.4.1/bin/../lib/gcc/arm-none-eabi/5.4.1/../../../../arm-none-eabi/lib/armv7-m/crt0.o
START GROUP
LOAD .\CortexM3\ARM_GCC_541\Debug\main.o
LOAD .\CortexM3\ARM_GCC_541\Debug\statemachine.o
LOAD .\CortexM3\ARM_GCC_541\Debug\swc_clock.o
LOAD .\CortexM3\ARM_GCC_541\Debug\tsk_control.o
LOAD .\CortexM3\ARM_GCC_541\Debug\tsk_io.o
LOAD .\CortexM3\ARM_GCC_541\Debug\clock_type.o
LOAD .\CortexM3\ARM_GCC_541\Debug\tft.o
LOAD .\CortexM3\ARM_GCC_541\Debug\button.o
LOAD .\CortexM3\ARM_GCC_541\Debug\led.o
LOAD .\CortexM3\ARM_GCC_541\Debug\seven.o
LOAD .\CortexM3\ARM_GCC_541\Debug\logging.o
LOAD .\CortexM3\ARM_GCC_541\Debug\rte.o
LOAD .\CortexM3\ARM_GCC_541\Debug\sc_button.o
LOAD .\CortexM3\ARM_GCC_541\Debug\sc_button_type.o
LOAD .\CortexM3\ARM_GCC_541\Debug\sc_clock.o
LOAD .\CortexM3\ARM_GCC_541\Debug\sc_clock_type.o
LOAD .\CortexM3\ARM_GCC_541\Debug\sc_event.o
LOAD .\CortexM3\ARM_GCC_541\Debug\sp_common.o
LOAD .\CortexM3\ARM_GCC_541\Debug\cyfitter_cfg.o
LOAD .\CortexM3\ARM_GCC_541\Debug\cymetadata.o
LOAD .\CortexM3\ARM_GCC_541\Debug\Cm3Start.o
LOAD .\CortexM3\ARM_GCC_541\Debug\EAA_Lab2.a
LOAD C:\Program Files (x86)\Cypress\PSoC Creator\4.4\PSoC Creator\psoc\content\cycomponentlibrary\CyComponentLibrary.cylib\CortexM3\ARM_GCC_541\Debug\CyComponentLibrary.a
END GROUP
START GROUP
LOAD c:/program files (x86)/cypress/psoc creator/4.4/psoc creator/import/gnu/arm/5.4.1/bin/../lib/gcc/arm-none-eabi/5.4.1/armv7-m\libgcc.a
LOAD c:/program files (x86)/cypress/psoc creator/4.4/psoc creator/import/gnu/arm/5.4.1/bin/../lib/gcc/arm-none-eabi/5.4.1/../../../../arm-none-eabi/lib/armv7-m\libg_nano.a
LOAD c:/program files (x86)/cypress/psoc creator/4.4/psoc creator/import/gnu/arm/5.4.1/bin/../lib/gcc/arm-none-eabi/5.4.1/../../../../arm-none-eabi/lib/armv7-m\libc_nano.a
END GROUP
START GROUP
LOAD c:/program files (x86)/cypress/psoc creator/4.4/psoc creator/import/gnu/arm/5.4.1/bin/../lib/gcc/arm-none-eabi/5.4.1/armv7-m\libgcc.a
LOAD c:/program files (x86)/cypress/psoc creator/4.4/psoc creator/import/gnu/arm/5.4.1/bin/../lib/gcc/arm-none-eabi/5.4.1/../../../../arm-none-eabi/lib/armv7-m\libc_nano.a
END GROUP
LOAD c:/program files (x86)/cypress/psoc creator/4.4/psoc creator/import/gnu/arm/5.4.1/bin/../lib/gcc/arm-none-eabi/5.4.1/armv7-m/crtend.o
LOAD c:/program files (x86)/cypress/psoc creator/4.4/psoc creator/import/gnu/arm/5.4.1/bin/../lib/gcc/arm-none-eabi/5.4.1/armv7-m/crtn.o
START GROUP
LOAD c:/program files (x86)/cypress/psoc creator/4.4/psoc creator/import/gnu/arm/5.4.1/bin/../lib/gcc/arm-none-eabi/5.4.1/armv7-m\libgcc.a
LOAD c:/program files (x86)/cypress/psoc creator/4.4/psoc creator/import/gnu/arm/5.4.1/bin/../lib/gcc/arm-none-eabi/5.4.1/../../../../arm-none-eabi/lib/armv7-m\libc.a
LOAD c:/program files (x86)/cypress/psoc creator/4.4/psoc creator/import/gnu/arm/5.4.1/bin/../lib/gcc/arm-none-eabi/5.4.1/../../../../arm-none-eabi/lib/armv7-m\libnosys.a
END GROUP
                0x00000000                CY_APPL_ORIGIN = 0x0
                0x00000100                CY_FLASH_ROW_SIZE = 0x100
                0x00000020                CY_ECC_ROW_SIZE = 0x20
                0x00000000                CY_EE_IN_BTLDR = 0x0
                0x00000000                CY_APPL_LOADABLE = 0x0
                0x00000800                CY_EE_SIZE = 0x800
                0x00000001                CY_APPL_NUM = 0x1
                0x00000001                CY_APPL_MAX = 0x1
                0x00000040                CY_METADATA_SIZE = 0x40
                0x00000000                CY_APPL_LOADABLE = 0x0
                0x00000000                CY_CHECKSUM_EXCLUDE_SIZE = ALIGN (0x0, CY_FLASH_ROW_SIZE)
                [!provide]                PROVIDE (__cy_heap_start, _end)
                0x00000001                PROVIDE (__cy_region_num, ((__cy_regions_end - __cy_regions) / 0x10))
                0x20008000                PROVIDE (__cy_stack, (ORIGIN (ram) + LENGTH (ram)))
                [!provide]                PROVIDE (__cy_heap_end, (__cy_stack - 0x800))

.cybootloader   0x00000000        0x0
 *(.cybootloader)
                0x00000000                appl1_start = CY_APPL_ORIGIN?CY_APPL_ORIGIN:ALIGN (CY_FLASH_ROW_SIZE)
                0x0001ff00                appl2_start = (appl1_start + ALIGN ((((LENGTH (rom) - appl1_start) - (0x2 * CY_FLASH_ROW_SIZE)) / 0x2), CY_FLASH_ROW_SIZE))
                0x00000000                appl_start = (CY_APPL_NUM == 0x1)?appl1_start:appl2_start
                0x00000000                ecc_offset = ((appl_start / CY_FLASH_ROW_SIZE) * CY_ECC_ROW_SIZE)
                0x00000000                ee_offset = (CY_APPL_LOADABLE && ! (CY_EE_IN_BTLDR))?((CY_EE_SIZE / CY_APPL_MAX) * (CY_APPL_NUM - 0x1)):0x0
                0x00000800                ee_size = (CY_APPL_LOADABLE && ! (CY_EE_IN_BTLDR))?(CY_EE_SIZE / CY_APPL_MAX):CY_EE_SIZE
                [!provide]                PROVIDE (CY_ECC_OFFSET, ecc_offset)

.text           0x00000000     0x3808
 CREATE_OBJECT_SYMBOLS
                0x00000000                PROVIDE (__cy_interrupt_vector, RomVectors)
 *(.romvectors)
 .romvectors    0x00000000       0x10 .\CortexM3\ARM_GCC_541\Debug\Cm3Start.o
                0x00000000                RomVectors
                0x00000001                ASSERT ((. != __cy_interrupt_vector), No interrupt vector)
                0x00000001                ASSERT (CY_APPL_ORIGIN?(SIZEOF (.cybootloader) <= CY_APPL_ORIGIN):0x1, Wrong image location)
                0x00000010                PROVIDE (__cy_reset, Reset)
 *(.text.Reset)
 .text.Reset    0x00000010       0x18 .\CortexM3\ARM_GCC_541\Debug\Cm3Start.o
                0x00000010                Reset
                0x00000001                ASSERT ((. != __cy_reset), No reset code)
 *(.dma_init)
                0x00000001                ASSERT ((((appl_start + .) <= 0x10000) || 0x1), DMA Init must be within the first 64k of flash)
 *(.text .text.* .gnu.linkonce.t.*)
 .text          0x00000028       0x5c c:/program files (x86)/cypress/psoc creator/4.4/psoc creator/import/gnu/arm/5.4.1/bin/../lib/gcc/arm-none-eabi/5.4.1/armv7-m/crtbegin.o
 .text.ISR2_systick_handler
                0x00000084        0xc .\CortexM3\ARM_GCC_541\Debug\main.o
                0x00000084                ISR2_systick_handler
 .text.systick_handler
                0x00000090       0x98 .\CortexM3\ARM_GCC_541\Debug\main.o
                0x00000090                systick_handler
 .text.main     0x00000128       0x28 .\CortexM3\ARM_GCC_541\Debug\main.o
                0x00000128                main
 .text.Functsk_init
                0x00000150      0x100 .\CortexM3\ARM_GCC_541\Debug\main.o
                0x00000150                Functsk_init
 .text.Functsk_background
                0x00000250        0x4 .\CortexM3\ARM_GCC_541\Debug\main.o
                0x00000250                Functsk_background
 .text.STATE__getIndexCurrentState
                0x00000254       0x2c .\CortexM3\ARM_GCC_541\Debug\statemachine.o
                0x00000254                STATE__getIndexCurrentState
 .text.STATE_processEvent
                0x00000280      0x110 .\CortexM3\ARM_GCC_541\Debug\statemachine.o
                0x00000280                STATE_processEvent
 .text.CLOCK_input_run
                0x00000390       0xa8 .\CortexM3\ARM_GCC_541\Debug\swc_clock.o
                0x00000390                CLOCK_input_run
 .text.CLOCK_control_run
                0x00000438       0x18 .\CortexM3\ARM_GCC_541\Debug\swc_clock.o
                0x00000438                CLOCK_control_run
 .text.CLOCK_display_run
                0x00000450       0xe0 .\CortexM3\ARM_GCC_541\Debug\swc_clock.o
                0x00000450                CLOCK_display_run
 .text.clbk_1s  0x00000530       0x78 .\CortexM3\ARM_GCC_541\Debug\swc_clock.o
                0x00000530                clbk_1s
 .text.clbk_250ms
                0x000005a8       0x60 .\CortexM3\ARM_GCC_541\Debug\swc_clock.o
                0x000005a8                clbk_250ms
 .text.Functsk_control
                0x00000608       0x2c .\CortexM3\ARM_GCC_541\Debug\tsk_control.o
                0x00000608                Functsk_control
 .text.Functsk_io
                0x00000634       0x28 .\CortexM3\ARM_GCC_541\Debug\tsk_io.o
                0x00000634                Functsk_io
 .text.ISR2_isr_Button
                0x0000065c       0xe0 .\CortexM3\ARM_GCC_541\Debug\tsk_io.o
                0x0000065c                ISR2_isr_Button
 .text.isr_Button
                0x0000073c       0x98 .\CortexM3\ARM_GCC_541\Debug\tsk_io.o
                0x0000073c                isr_Button
 .text.CLOCK_updateTime
                0x000007d4       0xd8 .\CortexM3\ARM_GCC_541\Debug\clock_type.o
 .text.CLOCK_setEditFonts
                0x000008ac       0xb0 .\CortexM3\ARM_GCC_541\Debug\clock_type.o
 .text.CLOCK_setDisplayFonts
                0x0000095c       0x94 .\CortexM3\ARM_GCC_541\Debug\clock_type.o
 .text.CLOCK_incrementWidget
                0x000009f0       0xcc .\CortexM3\ARM_GCC_541\Debug\clock_type.o
 .text.CLOCK_dispatch_wrapper
                0x00000abc       0xac .\CortexM3\ARM_GCC_541\Debug\clock_type.o
 .text.CLOCK_increment1Minute
                0x00000b68       0x20 .\CortexM3\ARM_GCC_541\Debug\clock_type.o
 .text.CLOCK_dispatch_KL_Hours
                0x00000b88       0x18 .\CortexM3\ARM_GCC_541\Debug\clock_type.o
 .text.CLOCK_dispatch_250MS_Hours
                0x00000ba0       0x18 .\CortexM3\ARM_GCC_541\Debug\clock_type.o
 .text.CLOCK_dispatch_KRLP_Hours
                0x00000bb8       0x18 .\CortexM3\ARM_GCC_541\Debug\clock_type.o
 .text.CLOCK_dispatch_KR_Hours
                0x00000bd0       0x18 .\CortexM3\ARM_GCC_541\Debug\clock_type.o
 .text.CLOCK_dispatch_KL_HoursMin
                0x00000be8       0x20 .\CortexM3\ARM_GCC_541\Debug\clock_type.o
 .text.CLOCK_dispatch_250MS_Min
                0x00000c08       0x18 .\CortexM3\ARM_GCC_541\Debug\clock_type.o
 .text.CLOCK_dispatch_KRLP_Min
                0x00000c20       0x18 .\CortexM3\ARM_GCC_541\Debug\clock_type.o
 .text.CLOCK_dispatch_KR_Min
                0x00000c38       0x18 .\CortexM3\ARM_GCC_541\Debug\clock_type.o
 .text.CLOCK_dispatch_KL_Min
                0x00000c50       0x18 .\CortexM3\ARM_GCC_541\Debug\clock_type.o
 .text.__TFT_SPI_TX_ISR
                0x00000c68       0x58 .\CortexM3\ARM_GCC_541\Debug\tft.o
                0x00000c68                __TFT_SPI_TX_ISR
 .text.TFT_send
                0x00000cc0       0x90 .\CortexM3\ARM_GCC_541\Debug\tft.o
 .text.setAddrWindow
                0x00000d50       0x88 .\CortexM3\ARM_GCC_541\Debug\tft.o
 .text.TFT_setBacklight
                0x00000dd8       0x10 .\CortexM3\ARM_GCC_541\Debug\tft.o
                0x00000dd8                TFT_setBacklight
 .text.TFT_setRotation
                0x00000de8       0xc0 .\CortexM3\ARM_GCC_541\Debug\tft.o
                0x00000de8                TFT_setRotation
 .text.TFT_setCursor
                0x00000ea8       0x10 .\CortexM3\ARM_GCC_541\Debug\tft.o
                0x00000ea8                TFT_setCursor
 .text.TFT_setColors
                0x00000eb8       0x10 .\CortexM3\ARM_GCC_541\Debug\tft.o
                0x00000eb8                TFT_setColors
 .text.TFT_setTextSize
                0x00000ec8       0x10 .\CortexM3\ARM_GCC_541\Debug\tft.o
                0x00000ec8                TFT_setTextSize
 .text.TFT_fillRect
                0x00000ed8       0x8c .\CortexM3\ARM_GCC_541\Debug\tft.o
                0x00000ed8                TFT_fillRect
 .text.TFT_fillScreen
                0x00000f64       0x24 .\CortexM3\ARM_GCC_541\Debug\tft.o
                0x00000f64                TFT_fillScreen
 .text.TFT_init
                0x00000f88       0xe4 .\CortexM3\ARM_GCC_541\Debug\tft.o
                0x00000f88                TFT_init
 .text.TFT_drawPixel
                0x0000106c       0x50 .\CortexM3\ARM_GCC_541\Debug\tft.o
                0x0000106c                TFT_drawPixel
 .text.TFT_fastVLine
                0x000010bc       0x64 .\CortexM3\ARM_GCC_541\Debug\tft.o
                0x000010bc                TFT_fastVLine
 .text.TFT_drawChar
                0x00001120      0x21c .\CortexM3\ARM_GCC_541\Debug\tft.o
                0x00001120                TFT_drawChar
 .text.TFT_write
                0x0000133c      0x144 .\CortexM3\ARM_GCC_541\Debug\tft.o
                0x0000133c                TFT_write
 .text.TFT_print
                0x00001480       0x14 .\CortexM3\ARM_GCC_541\Debug\tft.o
                0x00001480                TFT_print
 .text.BUTTON_IsPressed
                0x00001494       0x54 .\CortexM3\ARM_GCC_541\Debug\button.o
                0x00001494                BUTTON_IsPressed
 .text.LOG_send
                0x000014e8       0x2c .\CortexM3\ARM_GCC_541\Debug\logging.o
                0x000014e8                LOG_send
 .text.RTE_ProcessCyclicTable
                0x00001514       0x30 .\CortexM3\ARM_GCC_541\Debug\rte.o
                0x00001514                RTE_ProcessCyclicTable
 .text.RTE_ProcessEventTable
                0x00001544       0x28 .\CortexM3\ARM_GCC_541\Debug\rte.o
                0x00001544                RTE_ProcessEventTable
 .text.SC_BUTTON_driverIn
                0x0000156c       0x18 .\CortexM3\ARM_GCC_541\Debug\sc_button_type.o
                0x0000156c                SC_BUTTON_driverIn
 .text.SC_CLOCK_driverOut
                0x00001584       0xec .\CortexM3\ARM_GCC_541\Debug\sc_clock_type.o
                0x00001584                SC_CLOCK_driverOut
 .text.CyClockStartupError
                0x00001670        0x4 .\CortexM3\ARM_GCC_541\Debug\cyfitter_cfg.o
 .text.cfg_write_bytes32
                0x00001674       0x34 .\CortexM3\ARM_GCC_541\Debug\cyfitter_cfg.o
 .text.CYMEMZERO
                0x000016a8        0xc .\CortexM3\ARM_GCC_541\Debug\cyfitter_cfg.o
 .text.ClockSetup
                0x000016b4       0xe4 .\CortexM3\ARM_GCC_541\Debug\cyfitter_cfg.o
 .text.AnalogSetDefault
                0x00001798       0x7c .\CortexM3\ARM_GCC_541\Debug\cyfitter_cfg.o
 .text.CYCONFIGCPY
                0x00001814        0x8 .\CortexM3\ARM_GCC_541\Debug\cyfitter_cfg.o
 .text.cyfitter_cfg
                0x0000181c      0x144 .\CortexM3\ARM_GCC_541\Debug\cyfitter_cfg.o
                0x0000181c                cyfitter_cfg
 .text.IntDefaultHandler
                0x00001960       0x10 .\CortexM3\ARM_GCC_541\Debug\Cm3Start.o
                0x00001960                IntDefaultHandler
 .text._sbrk    0x00001970       0x30 .\CortexM3\ARM_GCC_541\Debug\Cm3Start.o
                0x00001970                _sbrk
 .text.Start_c  0x000019a0       0x4c .\CortexM3\ARM_GCC_541\Debug\Cm3Start.o
                0x000019a0                Start_c
 .text.initialize_psoc
                0x000019ec       0x6c .\CortexM3\ARM_GCC_541\Debug\Cm3Start.o
                0x000019ec                initialize_psoc
 .text.EE_oo_ActivateTask
                0x00001a58       0xe8 .\CortexM3\ARM_GCC_541\Debug\EAA_Lab2.a(ErikaOS_1_ee_activate.o)
                0x00001a58                EE_oo_ActivateTask
 .text.EE_oo_SetRelAlarm
                0x00001b40       0x80 .\CortexM3\ARM_GCC_541\Debug\EAA_Lab2.a(ErikaOS_1_ee_alsetrel.o)
                0x00001b40                EE_oo_SetRelAlarm
 .text.EE_oo_handle_action_callback
                0x00001bc0        0xc .\CortexM3\ARM_GCC_541\Debug\EAA_Lab2.a(ErikaOS_1_ee_altick.o)
 .text.EE_oo_handle_action_task
                0x00001bcc       0x4c .\CortexM3\ARM_GCC_541\Debug\EAA_Lab2.a(ErikaOS_1_ee_altick.o)
 .text.EE_oo_handle_action_event
                0x00001c18       0x60 .\CortexM3\ARM_GCC_541\Debug\EAA_Lab2.a(ErikaOS_1_ee_altick.o)
 .text.EE_oo_handle_action
                0x00001c78       0x28 .\CortexM3\ARM_GCC_541\Debug\EAA_Lab2.a(ErikaOS_1_ee_altick.o)
 .text.EE_oo_counter_object_insert
                0x00001ca0       0x9c .\CortexM3\ARM_GCC_541\Debug\EAA_Lab2.a(ErikaOS_1_ee_altick.o)
                0x00001ca0                EE_oo_counter_object_insert
 .text.EE_oo_IncrementCounterImplementation
                0x00001d3c      0x100 .\CortexM3\ARM_GCC_541\Debug\EAA_Lab2.a(ErikaOS_1_ee_altick.o)
                0x00001d3c                EE_oo_IncrementCounterImplementation
 .text.EE_oo_IncrementCounter
                0x00001e3c       0xb0 .\CortexM3\ARM_GCC_541\Debug\EAA_Lab2.a(ErikaOS_1_ee_altick.o)
                0x00001e3c                EE_oo_IncrementCounter
 .text.EE_oo_ClearEvent
                0x00001eec       0x5c .\CortexM3\ARM_GCC_541\Debug\EAA_Lab2.a(ErikaOS_1_ee_evclear.o)
                0x00001eec                EE_oo_ClearEvent
 .text.EE_oo_GetEvent
                0x00001f48       0x40 .\CortexM3\ARM_GCC_541\Debug\EAA_Lab2.a(ErikaOS_1_ee_evget.o)
                0x00001f48                EE_oo_GetEvent
 .text.EE_oo_SetEvent
                0x00001f88      0x100 .\CortexM3\ARM_GCC_541\Debug\EAA_Lab2.a(ErikaOS_1_ee_evset.o)
                0x00001f88                EE_oo_SetEvent
 .text.EE_oo_WaitEvent
                0x00002088      0x124 .\CortexM3\ARM_GCC_541\Debug\EAA_Lab2.a(ErikaOS_1_ee_evwait.o)
                0x00002088                EE_oo_WaitEvent
 .text.EE_IRQ_run_next_task
                0x000021ac       0x30 .\CortexM3\ARM_GCC_541\Debug\EAA_Lab2.a(ErikaOS_1_ee_irqendin.o)
 .text.EE_IRQ_end_instance
                0x000021dc       0x68 .\CortexM3\ARM_GCC_541\Debug\EAA_Lab2.a(ErikaOS_1_ee_irqendin.o)
                0x000021dc                EE_IRQ_end_instance
 .text.EE_IRQ_end_post_stub
                0x00002244       0x14 .\CortexM3\ARM_GCC_541\Debug\EAA_Lab2.a(ErikaOS_1_ee_irqendin.o)
                0x00002244                EE_IRQ_end_post_stub
 .text.EE_oo_GetResource
                0x00002258       0xa8 .\CortexM3\ARM_GCC_541\Debug\EAA_Lab2.a(ErikaOS_1_ee_lockres.o)
                0x00002258                EE_oo_GetResource
 .text.EE_rq2stk_exchange
                0x00002300       0x88 .\CortexM3\ARM_GCC_541\Debug\EAA_Lab2.a(ErikaOS_1_ee_rq_exchg.o)
                0x00002300                EE_rq2stk_exchange
 .text.EE_rq_queryfirst
                0x00002388       0x44 .\CortexM3\ARM_GCC_541\Debug\EAA_Lab2.a(ErikaOS_1_ee_rq_first.o)
                0x00002388                EE_rq_queryfirst
 .text.EE_rq_insert
                0x000023cc       0x74 .\CortexM3\ARM_GCC_541\Debug\EAA_Lab2.a(ErikaOS_1_ee_rq_inser.o)
                0x000023cc                EE_rq_insert
 .text.compute_task_tid
                0x00002440       0x10 .\CortexM3\ARM_GCC_541\Debug\EAA_Lab2.a(ErikaOS_1_ee_startos.o)
 .text.EE_oo_start_os
                0x00002450        0xc .\CortexM3\ARM_GCC_541\Debug\EAA_Lab2.a(ErikaOS_1_ee_startos.o)
 .text.EE_oo_autostart_tasks
                0x0000245c       0x60 .\CortexM3\ARM_GCC_541\Debug\EAA_Lab2.a(ErikaOS_1_ee_startos.o)
 .text.EE_oo_autostart_os
                0x000024bc        0xc .\CortexM3\ARM_GCC_541\Debug\EAA_Lab2.a(ErikaOS_1_ee_startos.o)
 .text.EE_oo_StartOS
                0x000024c8       0x8c .\CortexM3\ARM_GCC_541\Debug\EAA_Lab2.a(ErikaOS_1_ee_startos.o)
                0x000024c8                EE_oo_StartOS
 .text.EE_oo_TerminateTask
                0x00002554       0x50 .\CortexM3\ARM_GCC_541\Debug\EAA_Lab2.a(ErikaOS_1_ee_terminat.o)
                0x00002554                EE_oo_TerminateTask
 .text.EE_oo_ReleaseResource
                0x000025a4      0x124 .\CortexM3\ARM_GCC_541\Debug\EAA_Lab2.a(ErikaOS_1_ee_ulockres.o)
                0x000025a4                EE_oo_ReleaseResource
 .text.EE_system_init
                0x000026c8       0x48 .\CortexM3\ARM_GCC_541\Debug\EAA_Lab2.a(ErikaOS_1_cortex_mx_ee_utils.o)
                0x000026c8                EE_system_init
 .text.BUTTON_1_Read
                0x00002710       0x10 .\CortexM3\ARM_GCC_541\Debug\EAA_Lab2.a(BUTTON_1.o)
                0x00002710                BUTTON_1_Read
 .text.BUTTON_2_Read
                0x00002720       0x10 .\CortexM3\ARM_GCC_541\Debug\EAA_Lab2.a(BUTTON_2.o)
                0x00002720                BUTTON_2_Read
 .text.BUTTON_3_Read
                0x00002730       0x10 .\CortexM3\ARM_GCC_541\Debug\EAA_Lab2.a(BUTTON_3.o)
                0x00002730                BUTTON_3_Read
 .text.BUTTON_4_Read
                0x00002740       0x10 .\CortexM3\ARM_GCC_541\Debug\EAA_Lab2.a(BUTTON_4.o)
                0x00002740                BUTTON_4_Read
 .text.UART_LOG_Init
                0x00002750       0x24 .\CortexM3\ARM_GCC_541\Debug\EAA_Lab2.a(UART_LOG.o)
                0x00002750                UART_LOG_Init
 .text.UART_LOG_Enable
                0x00002774       0x38 .\CortexM3\ARM_GCC_541\Debug\EAA_Lab2.a(UART_LOG.o)
                0x00002774                UART_LOG_Enable
 .text.UART_LOG_Start
                0x000027ac       0x1c .\CortexM3\ARM_GCC_541\Debug\EAA_Lab2.a(UART_LOG.o)
                0x000027ac                UART_LOG_Start
 .text.UART_LOG_PutChar
                0x000027c8       0x18 .\CortexM3\ARM_GCC_541\Debug\EAA_Lab2.a(UART_LOG.o)
                0x000027c8                UART_LOG_PutChar
 .text.UART_LOG_PutString
                0x000027e0       0x24 .\CortexM3\ARM_GCC_541\Debug\EAA_Lab2.a(UART_LOG.o)
                0x000027e0                UART_LOG_PutString
 .text.UART_LOG_IntClock_Start
                0x00002804       0x1c .\CortexM3\ARM_GCC_541\Debug\EAA_Lab2.a(UART_LOG_IntClock.o)
                0x00002804                UART_LOG_IntClock_Start
 .text.CyDmacConfigure
                0x00002820       0x34 .\CortexM3\ARM_GCC_541\Debug\EAA_Lab2.a(CyDmac.o)
                0x00002820                CyDmacConfigure
 .text.CyHalt   0x00002854        0x4 .\CortexM3\ARM_GCC_541\Debug\EAA_Lab2.a(CyLib.o)
                0x00002854                CyHalt
 .text.CyDelay  0x00002858       0x2c .\CortexM3\ARM_GCC_541\Debug\EAA_Lab2.a(CyLib.o)
                0x00002858                CyDelay
 .text.CyDelayUs
                0x00002884       0x14 .\CortexM3\ARM_GCC_541\Debug\EAA_Lab2.a(CyLib.o)
                0x00002884                CyDelayUs
 .text.CyIntSetPriority
                0x00002898       0x30 .\CortexM3\ARM_GCC_541\Debug\EAA_Lab2.a(CyLib.o)
                0x00002898                CyIntSetPriority
 .text.TFT_SPI_Enable
                0x000028c8       0x34 .\CortexM3\ARM_GCC_541\Debug\EAA_Lab2.a(TFT_SPI.o)
                0x000028c8                TFT_SPI_Enable
 .text.TFT_SPI_ReadTxStatus
                0x000028fc        0xc .\CortexM3\ARM_GCC_541\Debug\EAA_Lab2.a(TFT_SPI.o)
                0x000028fc                TFT_SPI_ReadTxStatus
 .text.TFT_SPI_ReadRxStatus
                0x00002908        0xc .\CortexM3\ARM_GCC_541\Debug\EAA_Lab2.a(TFT_SPI.o)
                0x00002908                TFT_SPI_ReadRxStatus
 .text.TFT_SPI_WriteTxData
                0x00002914       0x18 .\CortexM3\ARM_GCC_541\Debug\EAA_Lab2.a(TFT_SPI.o)
                0x00002914                TFT_SPI_WriteTxData
 .text.TFT_SPI_ClearFIFO
                0x0000292c       0x3c .\CortexM3\ARM_GCC_541\Debug\EAA_Lab2.a(TFT_SPI.o)
                0x0000292c                TFT_SPI_ClearFIFO
 .text.TFT_SPI_Init
                0x00002968       0x28 .\CortexM3\ARM_GCC_541\Debug\EAA_Lab2.a(TFT_SPI.o)
                0x00002968                TFT_SPI_Init
 .text.TFT_SPI_Start
                0x00002990       0x1c .\CortexM3\ARM_GCC_541\Debug\EAA_Lab2.a(TFT_SPI.o)
                0x00002990                TFT_SPI_Start
 .text.TFT_DC_Write
                0x000029ac       0x18 .\CortexM3\ARM_GCC_541\Debug\EAA_Lab2.a(TFT_DC.o)
                0x000029ac                TFT_DC_Write
 .text.TFT_RES_Write
                0x000029c4       0x18 .\CortexM3\ARM_GCC_541\Debug\EAA_Lab2.a(TFT_RES.o)
                0x000029c4                TFT_RES_Write
 .text.TFT_BackLight_Enable
                0x000029dc       0x28 .\CortexM3\ARM_GCC_541\Debug\EAA_Lab2.a(TFT_BackLight.o)
                0x000029dc                TFT_BackLight_Enable
 .text.TFT_BackLight_WritePeriod
                0x00002a04        0xc .\CortexM3\ARM_GCC_541\Debug\EAA_Lab2.a(TFT_BackLight.o)
                0x00002a04                TFT_BackLight_WritePeriod
 .text.TFT_BackLight_WriteCompare
                0x00002a10        0xc .\CortexM3\ARM_GCC_541\Debug\EAA_Lab2.a(TFT_BackLight.o)
                0x00002a10                TFT_BackLight_WriteCompare
 .text.TFT_BackLight_SetInterruptMode
                0x00002a1c        0xc .\CortexM3\ARM_GCC_541\Debug\EAA_Lab2.a(TFT_BackLight.o)
                0x00002a1c                TFT_BackLight_SetInterruptMode
 .text.TFT_BackLight_Init
                0x00002a28       0x74 .\CortexM3\ARM_GCC_541\Debug\EAA_Lab2.a(TFT_BackLight.o)
                0x00002a28                TFT_BackLight_Init
 .text.TFT_BackLight_Start
                0x00002a9c       0x1c .\CortexM3\ARM_GCC_541\Debug\EAA_Lab2.a(TFT_BackLight.o)
                0x00002a9c                TFT_BackLight_Start
 .text.TFT_SPI_IntClock_Start
                0x00002ab8       0x1c .\CortexM3\ARM_GCC_541\Debug\EAA_Lab2.a(TFT_SPI_IntClock.o)
                0x00002ab8                TFT_SPI_IntClock_Start
 .text          0x00002ad4       0x7c .\CortexM3\ARM_GCC_541\Debug\EAA_Lab2.a(ErikaOS_1_ee_gnu_change_context_isr.o)
                0x00002ad4                EE_set_switch_context_pri
                0x00002aee                EE_switch_context
                0x00002af8                EE_cortex_mx_pendsv_ISR
                0x00002b34                EE_cortex_mx_svc_ISR
 .text          0x00002b50       0x24 .\CortexM3\ARM_GCC_541\Debug\EAA_Lab2.a(ErikaOS_1_ee_gnu_irq_stack.o)
                0x00002b50                EE_cortex_mx_change_IRQ_stack
                0x00002b62                EE_cortex_mx_change_IRQ_stack_back
 .text          0x00002b74       0x68 .\CortexM3\ARM_GCC_541\Debug\EAA_Lab2.a(ErikaOS_1_ee_gnu_multi_context.o)
                0x00002b74                EE_cortex_mx_change_context
 .text          0x00002bdc       0x80 .\CortexM3\ARM_GCC_541\Debug\EAA_Lab2.a(ErikaOS_1_ee_gnu_oo.o)
                0x00002bdc                EE_hal_terminate_savestk
                0x00002c26                EE_hal_terminate_task
 *fill*         0x00002c5c        0x4 
 .text          0x00002c60       0x20 .\CortexM3\ARM_GCC_541\Debug\EAA_Lab2.a(CyBootAsmGnu.o)
                0x00002c60                CyDelayCycles
                0x00002c70                CyEnterCriticalSection
                0x00002c78                CyExitCriticalSection
 .text.EE_thread_not_terminated
                0x00002c80       0x18 .\CortexM3\ARM_GCC_541\Debug\EAA_Lab2.a(ErikaOS_1_ee_tnterm.o)
                0x00002c80                EE_thread_not_terminated
 .text.EE_oo_thread_stub
                0x00002c98       0x10 .\CortexM3\ARM_GCC_541\Debug\EAA_Lab2.a(ErikaOS_1_ee_tstub.o)
                0x00002c98                EE_oo_thread_stub
 .text.EE_oo_release_all_resources
                0x00002ca8       0x58 .\CortexM3\ARM_GCC_541\Debug\EAA_Lab2.a(ErikaOS_1_ee_ulockallres.o)
                0x00002ca8                EE_oo_release_all_resources
 .text.EE_std_run_task_code
                0x00002d00       0x18 .\CortexM3\ARM_GCC_541\Debug\EAA_Lab2.a(ErikaOS_1_cortex_mx_ee_context.o)
                0x00002d00                EE_std_run_task_code
 .text.EE_std_need_context_change
                0x00002d18       0x28 .\CortexM3\ARM_GCC_541\Debug\EAA_Lab2.a(ErikaOS_1_cortex_mx_ee_context.o)
                0x00002d18                EE_std_need_context_change
 .text.EE_thread_rnact_max
                0x00002d40       0x20 .\CortexM3\ARM_GCC_541\Debug\EAA_Lab2.a(ErikaOS_1_ee_thendin.o)
 .text.EE_thread_endcycle_next
                0x00002d60       0x30 .\CortexM3\ARM_GCC_541\Debug\EAA_Lab2.a(ErikaOS_1_ee_thendin.o)
 .text.EE_thread_end_instance
                0x00002d90      0x108 .\CortexM3\ARM_GCC_541\Debug\EAA_Lab2.a(ErikaOS_1_ee_thendin.o)
                0x00002d90                EE_thread_end_instance
 .text.__errno  0x00002e98        0xc c:/program files (x86)/cypress/psoc creator/4.4/psoc creator/import/gnu/arm/5.4.1/bin/../lib/gcc/arm-none-eabi/5.4.1/../../../../arm-none-eabi/lib/armv7-m\libg_nano.a(lib_a-errno.o)
                0x00002e98                __errno
 .text.__libc_init_array
                0x00002ea4       0x4c c:/program files (x86)/cypress/psoc creator/4.4/psoc creator/import/gnu/arm/5.4.1/bin/../lib/gcc/arm-none-eabi/5.4.1/../../../../arm-none-eabi/lib/armv7-m\libg_nano.a(lib_a-init.o)
                0x00002ea4                __libc_init_array
 .text.__itoa   0x00002ef0       0x2e c:/program files (x86)/cypress/psoc creator/4.4/psoc creator/import/gnu/arm/5.4.1/bin/../lib/gcc/arm-none-eabi/5.4.1/../../../../arm-none-eabi/lib/armv7-m\libg_nano.a(lib_a-itoa.o)
                0x00002ef0                __itoa
 .text.itoa     0x00002f1e        0x4 c:/program files (x86)/cypress/psoc creator/4.4/psoc creator/import/gnu/arm/5.4.1/bin/../lib/gcc/arm-none-eabi/5.4.1/../../../../arm-none-eabi/lib/armv7-m\libg_nano.a(lib_a-itoa.o)
                0x00002f1e                itoa
 .text.memcpy   0x00002f22       0x16 c:/program files (x86)/cypress/psoc creator/4.4/psoc creator/import/gnu/arm/5.4.1/bin/../lib/gcc/arm-none-eabi/5.4.1/../../../../arm-none-eabi/lib/armv7-m\libg_nano.a(lib_a-memcpy-stub.o)
                0x00002f22                memcpy
 .text.memset   0x00002f38       0x10 c:/program files (x86)/cypress/psoc creator/4.4/psoc creator/import/gnu/arm/5.4.1/bin/../lib/gcc/arm-none-eabi/5.4.1/../../../../arm-none-eabi/lib/armv7-m\libg_nano.a(lib_a-memset.o)
                0x00002f38                memset
 .text.sprintf  0x00002f48       0x48 c:/program files (x86)/cypress/psoc creator/4.4/psoc creator/import/gnu/arm/5.4.1/bin/../lib/gcc/arm-none-eabi/5.4.1/../../../../arm-none-eabi/lib/armv7-m\libg_nano.a(lib_a-sprintf.o)
                0x00002f48                siprintf
                0x00002f48                sprintf
 .text.__utoa   0x00002f90       0x78 c:/program files (x86)/cypress/psoc creator/4.4/psoc creator/import/gnu/arm/5.4.1/bin/../lib/gcc/arm-none-eabi/5.4.1/../../../../arm-none-eabi/lib/armv7-m\libg_nano.a(lib_a-utoa.o)
                0x00002f90                __utoa
 .text.__ssputs_r
                0x00003008       0xb2 c:/program files (x86)/cypress/psoc creator/4.4/psoc creator/import/gnu/arm/5.4.1/bin/../lib/gcc/arm-none-eabi/5.4.1/../../../../arm-none-eabi/lib/armv7-m\libg_nano.a(lib_a-nano-svfprintf.o)
                0x00003008                __ssputs_r
 *fill*         0x000030ba        0x2 
 .text._svfprintf_r
                0x000030bc      0x1e8 c:/program files (x86)/cypress/psoc creator/4.4/psoc creator/import/gnu/arm/5.4.1/bin/../lib/gcc/arm-none-eabi/5.4.1/../../../../arm-none-eabi/lib/armv7-m\libg_nano.a(lib_a-nano-svfprintf.o)
                0x000030bc                _svfiprintf_r
                0x000030bc                _svfprintf_r
 .text._printf_common
                0x000032a4       0xec c:/program files (x86)/cypress/psoc creator/4.4/psoc creator/import/gnu/arm/5.4.1/bin/../lib/gcc/arm-none-eabi/5.4.1/../../../../arm-none-eabi/lib/armv7-m\libg_nano.a(lib_a-nano-vfprintf_i.o)
                0x000032a4                _printf_common
 .text._printf_i
                0x00003390      0x24c c:/program files (x86)/cypress/psoc creator/4.4/psoc creator/import/gnu/arm/5.4.1/bin/../lib/gcc/arm-none-eabi/5.4.1/../../../../arm-none-eabi/lib/armv7-m\libg_nano.a(lib_a-nano-vfprintf_i.o)
                0x00003390                _printf_i
 .text.memchr   0x000035dc       0x1c c:/program files (x86)/cypress/psoc creator/4.4/psoc creator/import/gnu/arm/5.4.1/bin/../lib/gcc/arm-none-eabi/5.4.1/../../../../arm-none-eabi/lib/armv7-m\libg_nano.a(lib_a-memchr-stub.o)
                0x000035dc                memchr
 .text.memmove  0x000035f8       0x36 c:/program files (x86)/cypress/psoc creator/4.4/psoc creator/import/gnu/arm/5.4.1/bin/../lib/gcc/arm-none-eabi/5.4.1/../../../../arm-none-eabi/lib/armv7-m\libg_nano.a(lib_a-memmove.o)
                0x000035f8                memmove
 *fill*         0x0000362e        0x2 
 .text._free_r  0x00003630       0x98 c:/program files (x86)/cypress/psoc creator/4.4/psoc creator/import/gnu/arm/5.4.1/bin/../lib/gcc/arm-none-eabi/5.4.1/../../../../arm-none-eabi/lib/armv7-m\libg_nano.a(lib_a-nano-freer.o)
                0x00003630                _free_r
 .text._malloc_r
                0x000036c8       0xbc c:/program files (x86)/cypress/psoc creator/4.4/psoc creator/import/gnu/arm/5.4.1/bin/../lib/gcc/arm-none-eabi/5.4.1/../../../../arm-none-eabi/lib/armv7-m\libg_nano.a(lib_a-nano-mallocr.o)
                0x000036c8                _malloc_r
 .text._realloc_r
                0x00003784       0x4c c:/program files (x86)/cypress/psoc creator/4.4/psoc creator/import/gnu/arm/5.4.1/bin/../lib/gcc/arm-none-eabi/5.4.1/../../../../arm-none-eabi/lib/armv7-m\libg_nano.a(lib_a-nano-reallocr.o)
                0x00003784                _realloc_r
 .text._sbrk_r  0x000037d0       0x20 c:/program files (x86)/cypress/psoc creator/4.4/psoc creator/import/gnu/arm/5.4.1/bin/../lib/gcc/arm-none-eabi/5.4.1/../../../../arm-none-eabi/lib/armv7-m\libg_nano.a(lib_a-sbrkr.o)
                0x000037d0                _sbrk_r
 .text.__malloc_lock
                0x000037f0        0x2 c:/program files (x86)/cypress/psoc creator/4.4/psoc creator/import/gnu/arm/5.4.1/bin/../lib/gcc/arm-none-eabi/5.4.1/../../../../arm-none-eabi/lib/armv7-m\libg_nano.a(lib_a-mlock.o)
                0x000037f0                __malloc_lock
 .text.__malloc_unlock
                0x000037f2        0x2 c:/program files (x86)/cypress/psoc creator/4.4/psoc creator/import/gnu/arm/5.4.1/bin/../lib/gcc/arm-none-eabi/5.4.1/../../../../arm-none-eabi/lib/armv7-m\libg_nano.a(lib_a-mlock.o)
                0x000037f2                __malloc_unlock
 .text._malloc_usable_size_r
                0x000037f4       0x14 c:/program files (x86)/cypress/psoc creator/4.4/psoc creator/import/gnu/arm/5.4.1/bin/../lib/gcc/arm-none-eabi/5.4.1/../../../../arm-none-eabi/lib/armv7-m\libg_nano.a(lib_a-nano-msizer.o)
                0x000037f4                _malloc_usable_size_r
 *(.plt)
 *(.gnu.warning)
 *(.glue_7t)
 .glue_7t       0x00003808        0x0 linker stubs
 *(.glue_7)
 .glue_7        0x00003808        0x0 linker stubs
 *(.vfp11_veneer)
 .vfp11_veneer  0x00003808        0x0 linker stubs
 *(.bootloader)
 *(.ARM.extab* .gnu.linkonce.armextab.*)
 *(.gcc_except_table)

.v4_bx          0x00003808        0x0
 .v4_bx         0x00003808        0x0 linker stubs

.iplt           0x00003808        0x0
 .iplt          0x00003808        0x0 c:/program files (x86)/cypress/psoc creator/4.4/psoc creator/import/gnu/arm/5.4.1/bin/../lib/gcc/arm-none-eabi/5.4.1/armv7-m/crtbegin.o

.eh_frame_hdr
 *(.eh_frame_hdr)

.eh_frame       0x00003808        0x4
 *(.eh_frame)
 .eh_frame      0x00003808        0x0 c:/program files (x86)/cypress/psoc creator/4.4/psoc creator/import/gnu/arm/5.4.1/bin/../lib/gcc/arm-none-eabi/5.4.1/armv7-m/crtbegin.o
 .eh_frame      0x00003808        0x4 c:/program files (x86)/cypress/psoc creator/4.4/psoc creator/import/gnu/arm/5.4.1/bin/../lib/gcc/arm-none-eabi/5.4.1/armv7-m/crtend.o
                [!provide]                PROVIDE (__exidx_start, .)

.ARM.exidx
 *(.ARM.exidx* .gnu.linkonce.armexidx.*)
                0x0000380c                __exidx_end = .

.rodata         0x0000380c      0xc3c
 *(.rodata .rodata.* .gnu.linkonce.r.*)
 .rodata        0x0000380c        0x9 .\CortexM3\ARM_GCC_541\Debug\main.o
 *fill*         0x00003815        0x3 
 .rodata.str1.4
                0x00003818       0x2e .\CortexM3\ARM_GCC_541\Debug\main.o
 *fill*         0x00003846        0x2 
 .rodata        0x00003848        0xa .\CortexM3\ARM_GCC_541\Debug\tsk_control.o
                0x00003848                RTE_eventActivationTable_tsk_control
                0x00003850                RTE_eventActivation_tsk_control_size
 *fill*         0x00003852        0x2 
 .rodata        0x00003854       0x12 .\CortexM3\ARM_GCC_541\Debug\tsk_io.o
                0x00003854                RTE_cyclicActivationTable_tsk_io
                0x00003864                RTE_cyclicActivation_tsk_io_size
 *fill*         0x00003866        0x2 
 .rodata        0x00003868      0x12c .\CortexM3\ARM_GCC_541\Debug\clock_type.o
                0x00003868                CLOCK_Widget_Transitions
                0x0000388c                STATE_CLOCK_W_ISAUTOINCREMENT_Transitions
                0x000038b0                STATE_CLOCK_W_ISEDITING_Transitions
                0x000038d4                STATE_CLOCK_W_ISDISPLAYING_Transitions
                0x000038f8                CLOCK_Container_Transitions
                0x0000391c                STATE_CLOCK_C_ISEDITINGMINUTES_Transitions
                0x0000394c                STATE_CLOCK_C_ISEDITINGHOURS_Transitions
                0x0000397c                STATE_CLOCK_C_ISDISPLAYING_Transitions
 .rodata.str1.4
                0x00003994      0x126 .\CortexM3\ARM_GCC_541\Debug\clock_type.o
 *fill*         0x00003aba        0x2 
 .rodata        0x00003abc      0x558 .\CortexM3\ARM_GCC_541\Debug\tft.o
 .rodata.str1.4
                0x00004014       0x1c .\CortexM3\ARM_GCC_541\Debug\tft.o
 .rodata.str1.4
                0x00004030       0x14 .\CortexM3\ARM_GCC_541\Debug\logging.o
                                 0x18 (size before relaxing)
 .rodata.str1.4
                0x00004044        0x6 .\CortexM3\ARM_GCC_541\Debug\sc_clock_type.o
 *fill*         0x0000404a        0x2 
 .rodata        0x0000404c       0xa4 .\CortexM3\ARM_GCC_541\Debug\sp_common.o
                0x000040ec                so_event_updTasks
 .rodata        0x000040f0       0x3a .\CortexM3\ARM_GCC_541\Debug\cyfitter_cfg.o
 *fill*         0x0000412a        0x2 
 .rodata        0x0000412c      0x100 .\CortexM3\ARM_GCC_541\Debug\EAA_Lab2.a(ErikaOS_1_ee_lookup.o)
                0x0000412c                EE_rq_lookup
 .rodata        0x0000422c      0x114 .\CortexM3\ARM_GCC_541\Debug\EAA_Lab2.a(ErikaOS_1_eecfg.o)
                0x0000422c                EE_oo_autostart_task_data
                0x00004238                EE_oo_action_ROM
                0x00004274                EE_oo_counter_object_ROM
                0x00004298                EE_ALARM_ID
                0x000042a4                EE_alarm_ROM
                0x000042b0                EE_counter_ROM
                0x000042bc                EE_resource_ceiling
                0x000042c0                EE_th_is_extended
                0x000042d0                EE_th_rnact_max
                0x000042e0                EE_th_dispatch_prio
                0x000042f0                EE_EVENT_ID
                0x000042f8                EE_RESOURCE_ID
                0x000042fc                EE_th_ready_prio
                0x0000430c                EE_terminate_real_th_body
                0x0000431c                EE_hal_thread_body
                0x0000432c                EE_std_thread_tos
 .rodata.str1.4
                0x00004340       0x74 .\CortexM3\ARM_GCC_541\Debug\EAA_Lab2.a(ErikaOS_1_eecfg.o)
 .rodata.str1.1
                0x000043b4        0x2 c:/program files (x86)/cypress/psoc creator/4.4/psoc creator/import/gnu/arm/5.4.1/bin/../lib/gcc/arm-none-eabi/5.4.1/../../../../arm-none-eabi/lib/armv7-m\libg_nano.a(lib_a-impure.o)
 .rodata.str1.1
                0x000043b6       0x25 c:/program files (x86)/cypress/psoc creator/4.4/psoc creator/import/gnu/arm/5.4.1/bin/../lib/gcc/arm-none-eabi/5.4.1/../../../../arm-none-eabi/lib/armv7-m\libg_nano.a(lib_a-utoa.o)
 .rodata.str1.1
                0x000043db       0x11 c:/program files (x86)/cypress/psoc creator/4.4/psoc creator/import/gnu/arm/5.4.1/bin/../lib/gcc/arm-none-eabi/5.4.1/../../../../arm-none-eabi/lib/armv7-m\libg_nano.a(lib_a-nano-svfprintf.o)
 .rodata.str1.1
                0x000043ec       0x22 c:/program files (x86)/cypress/psoc creator/4.4/psoc creator/import/gnu/arm/5.4.1/bin/../lib/gcc/arm-none-eabi/5.4.1/../../../../arm-none-eabi/lib/armv7-m\libg_nano.a(lib_a-nano-vfprintf_i.o)
                0x00004410                . = ALIGN (0x4)
 *fill*         0x0000440e        0x2 
 *(.init)
 .init          0x00004410        0x4 c:/program files (x86)/cypress/psoc creator/4.4/psoc creator/import/gnu/arm/5.4.1/bin/../lib/gcc/arm-none-eabi/5.4.1/armv7-m/crti.o
                0x00004410                _init
 .init          0x00004414        0x8 c:/program files (x86)/cypress/psoc creator/4.4/psoc creator/import/gnu/arm/5.4.1/bin/../lib/gcc/arm-none-eabi/5.4.1/armv7-m/crtn.o
                0x0000441c                . = ALIGN (0x4)
                0x0000441c                __preinit_array_start = .
 *(.preinit_array)
                0x0000441c                __preinit_array_end = .
                0x0000441c                . = ALIGN (0x4)
                0x0000441c                __init_array_start = .
 *(SORT(.init_array.*))
 *(.init_array)
 .init_array    0x0000441c        0x4 c:/program files (x86)/cypress/psoc creator/4.4/psoc creator/import/gnu/arm/5.4.1/bin/../lib/gcc/arm-none-eabi/5.4.1/armv7-m/crtbegin.o
 .init_array    0x00004420        0x4 .\CortexM3\ARM_GCC_541\Debug\Cm3Start.o
                0x00004424                __init_array_end = .
                0x00004424                . = ALIGN (0x4)
 *(.fini)
 .fini          0x00004424        0x4 c:/program files (x86)/cypress/psoc creator/4.4/psoc creator/import/gnu/arm/5.4.1/bin/../lib/gcc/arm-none-eabi/5.4.1/armv7-m/crti.o
                0x00004424                _fini
 .fini          0x00004428        0x8 c:/program files (x86)/cypress/psoc creator/4.4/psoc creator/import/gnu/arm/5.4.1/bin/../lib/gcc/arm-none-eabi/5.4.1/armv7-m/crtn.o
                0x00004430                . = ALIGN (0x4)
                0x00004430                __fini_array_start = .
 *(.fini_array)
 .fini_array    0x00004430        0x4 c:/program files (x86)/cypress/psoc creator/4.4/psoc creator/import/gnu/arm/5.4.1/bin/../lib/gcc/arm-none-eabi/5.4.1/armv7-m/crtbegin.o
 *(SORT(.fini_array.*))
                0x00004434                __fini_array_end = .
                0x00004434                . = ALIGN (0x4)
 *crtbegin.o(.ctors)
 *(EXCLUDE_FILE(*crtend.o) .ctors)
 *(SORT(.ctors.*))
 *crtend.o(.ctors)
                0x00004434                . = ALIGN (0x4)
 *crtbegin.o(.dtors)
 *(EXCLUDE_FILE(*crtend.o) .dtors)
 *(SORT(.dtors.*))
 *crtend.o(.dtors)
                0x00004434                . = ALIGN (0x4)
                0x00004434                __cy_regions = .
                0x00004434        0x4 LONG 0x4448 __cy_region_init_ram
                0x00004438        0x4 LONG 0x1fff80c8 __cy_region_start_data
                0x0000443c        0x4 LONG 0x230 __cy_region_init_size_ram
                0x00004440        0x4 LONG 0x6f0 __cy_region_zero_size_ram
                0x00004444                __cy_regions_end = .
                0x00004448                . = ALIGN (0x8)
 *fill*         0x00004444        0x4 
                0x00004448                _etext = .

.cy_checksum_exclude
                0x00004448        0x0
 *(.cy_checksum_exclude)

.ramvectors     0x1fff8000       0xc0
                0x1fff8000                __cy_region_start_ram = .
 *(.ramvectors)
 .ramvectors    0x1fff8000       0xc0 .\CortexM3\ARM_GCC_541\Debug\Cm3Start.o
                0x1fff8000                CyRamVectors

.noinit         0x1fff80c0        0x1
 *(.noinit)
 .noinit        0x1fff80c0        0x1 .\CortexM3\ARM_GCC_541\Debug\EAA_Lab2.a(CyLib.o)
                0x1fff80c0                CyResetStatus

.data           0x1fff80c8      0x230 load address 0x00004448
                0x1fff80c8                __cy_region_start_data = .
 *(.jcr)
 .jcr           0x1fff80c8        0x0 c:/program files (x86)/cypress/psoc creator/4.4/psoc creator/import/gnu/arm/5.4.1/bin/../lib/gcc/arm-none-eabi/5.4.1/armv7-m/crtbegin.o
 .jcr           0x1fff80c8        0x4 c:/program files (x86)/cypress/psoc creator/4.4/psoc creator/import/gnu/arm/5.4.1/bin/../lib/gcc/arm-none-eabi/5.4.1/armv7-m/crtend.o
 *(.got.plt)
 *(.got)
 *(.shdata)
 *(.data .data.* .gnu.linkonce.d.*)
 .data          0x1fff80cc       0x30 .\CortexM3\ARM_GCC_541\Debug\clock_type.o
                0x1fff80cc                CLOCK_hourWidget
                0x1fff80dc                CLOCK_minuteWidget
                0x1fff80ec                CLOCK_fsm
 .data          0x1fff80fc       0x40 .\CortexM3\ARM_GCC_541\Debug\sp_common.o
                0x1fff80fc                SO_EVENT_signal
                0x1fff8108                SO_BUTTON_signal
                0x1fff8114                SO_CLOCK_signal
                0x1fff8128                SO_CLOCK_DISPLAY_signal
 .data          0x1fff813c        0x4 .\CortexM3\ARM_GCC_541\Debug\Cm3Start.o
 .data          0x1fff8140      0x134 .\CortexM3\ARM_GCC_541\Debug\EAA_Lab2.a(ErikaOS_1_eecfg.o)
                0x1fff8140                EE_ALARM_NAME
                0x1fff814c                EE_counter_RAM
                0x1fff8154                EE_resource_stack
                0x1fff8158                EE_th_resource_last
                0x1fff8168                EE_th_terminate_nextask
                0x1fff8178                EE_rq_pairs_next
                0x1fff8188                EE_rq_link
                0x1fff8198                EE_th_rnact
                0x1fff81a8                EE_rq_queues_tail
                0x1fff81e8                EE_rq_queues_head
                0x1fff8228                EE_stkfirst
                0x1fff822c                EE_th_next
                0x1fff823c                EE_th_status
                0x1fff824c                EE_EVENT_NAME
                0x1fff8254                EE_RESOURCE_NAME
                0x1fff8258                EE_TASK_NAME
                0x1fff8268                EE_cortex_mx_IRQ_tos
                0x1fff826c                EE_cortex_mx_system_tos
 .data          0x1fff8274        0x8 .\CortexM3\ARM_GCC_541\Debug\EAA_Lab2.a(CyDmac.o)
 .data          0x1fff827c       0x10 .\CortexM3\ARM_GCC_541\Debug\EAA_Lab2.a(CyLib.o)
                0x1fff827c                cydelay_32k_ms
                0x1fff8280                cydelay_freq_khz
                0x1fff8284                cydelay_freq_mhz
                0x1fff8288                cydelay_freq_hz
 .data          0x1fff828c        0x4 .\CortexM3\ARM_GCC_541\Debug\EAA_Lab2.a(ErikaOS_1_ee_gnu_irq_stack.o)
 .data.impure_data
                0x1fff8290       0x60 c:/program files (x86)/cypress/psoc creator/4.4/psoc creator/import/gnu/arm/5.4.1/bin/../lib/gcc/arm-none-eabi/5.4.1/../../../../arm-none-eabi/lib/armv7-m\libg_nano.a(lib_a-impure.o)
 .data._impure_ptr
                0x1fff82f0        0x4 c:/program files (x86)/cypress/psoc creator/4.4/psoc creator/import/gnu/arm/5.4.1/bin/../lib/gcc/arm-none-eabi/5.4.1/../../../../arm-none-eabi/lib/armv7-m\libg_nano.a(lib_a-impure.o)
                0x1fff82f0                _impure_ptr
                0x1fff82f8                . = ALIGN (0x8)
 *fill*         0x1fff82f4        0x4 
 *(.ram)
                0x1fff82f8                _edata = .

.igot.plt       0x1fff82f8        0x0 load address 0x00004678
 .igot.plt      0x1fff82f8        0x0 c:/program files (x86)/cypress/psoc creator/4.4/psoc creator/import/gnu/arm/5.4.1/bin/../lib/gcc/arm-none-eabi/5.4.1/armv7-m/crtbegin.o

.bss            0x1fff82f8      0x6f0 load address 0x00004678
                0x1fff82f8                PROVIDE (__bss_start__, .)
 *(.shbss)
 *(.bss .bss.* .gnu.linkonce.b.*)
 .bss           0x1fff82f8       0x1c c:/program files (x86)/cypress/psoc creator/4.4/psoc creator/import/gnu/arm/5.4.1/bin/../lib/gcc/arm-none-eabi/5.4.1/armv7-m/crtbegin.o
 .bss           0x1fff8314        0x7 .\CortexM3\ARM_GCC_541\Debug\swc_clock.o
 *fill*         0x1fff831b        0x1 
 .bss           0x1fff831c        0x4 .\CortexM3\ARM_GCC_541\Debug\tsk_io.o
 .bss           0x1fff8320       0xe6 .\CortexM3\ARM_GCC_541\Debug\tft.o
 *fill*         0x1fff8406        0x2 
 .bss           0x1fff8408       0x44 .\CortexM3\ARM_GCC_541\Debug\EAA_Lab2.a(ErikaOS_1_eecfg.o)
                0x1fff8408                EE_resource_locked
                0x1fff840c                EE_th_waswaiting
                0x1fff841c                EE_th_event_waitmask
                0x1fff842c                EE_th_event_active
                0x1fff843c                EE_rq_free
                0x1fff8440                EE_rq_bitmask
                0x1fff8444                EE_sys_ceiling
                0x1fff8448                EE_cortex_mx_active_tos
 .bss           0x1fff844c        0x2 .\CortexM3\ARM_GCC_541\Debug\EAA_Lab2.a(UART_LOG.o)
                0x1fff844c                UART_LOG_initVar
 .bss           0x1fff844e        0x1 .\CortexM3\ARM_GCC_541\Debug\EAA_Lab2.a(TFT_SPI.o)
                0x1fff844e                TFT_SPI_initVar
 .bss           0x1fff844f        0x1 .\CortexM3\ARM_GCC_541\Debug\EAA_Lab2.a(TFT_BackLight.o)
                0x1fff844f                TFT_BackLight_initVar
 .bss.__malloc_sbrk_start
                0x1fff8450        0x4 c:/program files (x86)/cypress/psoc creator/4.4/psoc creator/import/gnu/arm/5.4.1/bin/../lib/gcc/arm-none-eabi/5.4.1/../../../../arm-none-eabi/lib/armv7-m\libg_nano.a(lib_a-nano-mallocr.o)
                0x1fff8450                __malloc_sbrk_start
 .bss.__malloc_free_list
                0x1fff8454        0x4 c:/program files (x86)/cypress/psoc creator/4.4/psoc creator/import/gnu/arm/5.4.1/bin/../lib/gcc/arm-none-eabi/5.4.1/../../../../arm-none-eabi/lib/armv7-m\libg_nano.a(lib_a-nano-mallocr.o)
                0x1fff8454                __malloc_free_list
 *(COMMON)
 COMMON         0x1fff8458        0x8 .\CortexM3\ARM_GCC_541\Debug\EAA_Lab2.a(ErikaOS_1_ee_lookup.o)
                0x1fff8458                EE_oo_IRQ_disable_count
                0x1fff845c                EE_oo_IRQ_suspend_status
 COMMON         0x1fff8460        0x4 .\CortexM3\ARM_GCC_541\Debug\EAA_Lab2.a(ErikaOS_1_ee_startos.o)
                0x1fff8460                EE_oo_started
 COMMON         0x1fff8464        0x8 .\CortexM3\ARM_GCC_541\Debug\EAA_Lab2.a(ErikaOS_1_common_ee_hal_structs.o)
                0x1fff8464                EE_IRQ_nesting_level
                0x1fff8468                EE_std_endcycle_next_tid
 COMMON         0x1fff846c      0x578 .\CortexM3\ARM_GCC_541\Debug\EAA_Lab2.a(ErikaOS_1_eecfg.o)
                0x1fff846c                EE_rq_pairs_tid
                0x1fff847c                EE_terminate_data
                0x1fff848c                EE_oo_counter_object_RAM
                0x1fff84bc                EE_resource_oldceiling
                0x1fff84c0                EE_ApplicationMode
                0x1fff84c4                EE_cortex_mx_stack_4
                0x1fff87e4                EE_cortex_mx_stack_9
 COMMON         0x1fff89e4        0x4 c:/program files (x86)/cypress/psoc creator/4.4/psoc creator/import/gnu/arm/5.4.1/bin/../lib/gcc/arm-none-eabi/5.4.1/../../../../arm-none-eabi/lib/armv7-m\libg_nano.a(lib_a-reent.o)
                0x1fff89e4                errno
                0x1fff89e8                . = ALIGN (0x8)
 *(.ram.b)
                0x1fff89e8                _end = .
                0x1fff89e8                __end = .
                0x1fff89e8                PROVIDE (end, .)
                0x1fff89e8                PROVIDE (__bss_end__, .)
                0x00004448                __cy_region_init_ram = LOADADDR (.data)
                0x00000230                __cy_region_init_size_ram = (_edata - ADDR (.data))
                0x000006f0                __cy_region_zero_size_ram = (_end - _edata)

.heap           0x1fff89e8       0x80 load address 0x00004678
                0x1fff89e8                . = _end
                0x1fff8a68                . = (. + 0x80)
 *fill*         0x1fff89e8       0x80 
                0x1fff8a68                __cy_heap_limit = .

.stack          0x20007800      0x800
                0x20007800                __cy_stack_limit = .
                0x20008000                . = (. + 0x800)
 *fill*         0x20007800      0x800 
                0x00000001                ASSERT ((__cy_stack_limit >= __cy_heap_limit), region RAM overflowed with stack)
                0x00000000                cy_checksum_exclude_size = (CY_APPL_LOADABLE == 0x1)?SIZEOF (.cy_checksum_exclude):0x0
                0x00000001                ASSERT ((cy_checksum_exclude_size <= CY_CHECKSUM_EXCLUDE_SIZE), CY_BOOT: Section .cy_checksum_exclude size exceedes specified limit.)

.cyloadermeta
 *(.cyloadermeta)

.cyloadablemeta
 *(.cyloadablemeta)

.cyconfigecc    0x80000000      0xd30
 *(.cyconfigecc)
 .cyconfigecc   0x80000000      0xd30 .\CortexM3\ARM_GCC_541\Debug\cymetadata.o
                0x80000000                cy_meta_configecc

.cycustnvl      0x90000000        0x4
 *(.cycustnvl)
 .cycustnvl     0x90000000        0x4 .\CortexM3\ARM_GCC_541\Debug\cymetadata.o
                0x90000000                cy_meta_custnvl

.cywolatch      0x90100000        0x4
 *(.cywolatch)
 .cywolatch     0x90100000        0x4 .\CortexM3\ARM_GCC_541\Debug\cymetadata.o
                0x90100000                cy_meta_wonvl

.cyeeprom       0x90200000        0x0
 *(.cyeeprom)
                0x00000001                ASSERT ((. <= ((0x90200000 + ee_offset) + ee_size)), .cyeeprom data will not fit in EEPROM)

.cyflashprotect
                0x90400000      0x100
 *(.cyflashprotect)
 .cyflashprotect
                0x90400000      0x100 .\CortexM3\ARM_GCC_541\Debug\cymetadata.o
                0x90400000                cy_meta_flashprotect

.cymeta         0x90500000        0xc
 *(.cymeta)
 .cymeta        0x90500000        0xc .\CortexM3\ARM_GCC_541\Debug\cymetadata.o
                0x90500000                cy_metadata

.rel.dyn        0x00004678        0x0 load address 0x9050000c
 .rel.iplt      0x00004678        0x0 c:/program files (x86)/cypress/psoc creator/4.4/psoc creator/import/gnu/arm/5.4.1/bin/../lib/gcc/arm-none-eabi/5.4.1/armv7-m/crtbegin.o

.stab
 *(.stab)

.stabstr
 *(.stabstr)

.debug
 *(.debug)

.line
 *(.line)

.debug_srcinfo
 *(.debug_srcinfo)

.debug_sfnames
 *(.debug_sfnames)

.debug_aranges  0x00000000     0x15f0
 *(.debug_aranges)
 .debug_aranges
                0x00000000       0x40 .\CortexM3\ARM_GCC_541\Debug\main.o
 .debug_aranges
                0x00000040       0x38 .\CortexM3\ARM_GCC_541\Debug\statemachine.o
 .debug_aranges
                0x00000078       0x40 .\CortexM3\ARM_GCC_541\Debug\swc_clock.o
 .debug_aranges
                0x000000b8       0x20 .\CortexM3\ARM_GCC_541\Debug\tsk_control.o
 .debug_aranges
                0x000000d8       0x30 .\CortexM3\ARM_GCC_541\Debug\tsk_io.o
 .debug_aranges
                0x00000108       0x90 .\CortexM3\ARM_GCC_541\Debug\clock_type.o
 .debug_aranges
                0x00000198      0x178 .\CortexM3\ARM_GCC_541\Debug\tft.o
 .debug_aranges
                0x00000310       0x28 .\CortexM3\ARM_GCC_541\Debug\button.o
 .debug_aranges
                0x00000338       0x38 .\CortexM3\ARM_GCC_541\Debug\led.o
 .debug_aranges
                0x00000370       0x48 .\CortexM3\ARM_GCC_541\Debug\seven.o
 .debug_aranges
                0x000003b8       0x28 .\CortexM3\ARM_GCC_541\Debug\logging.o
 .debug_aranges
                0x000003e0       0x28 .\CortexM3\ARM_GCC_541\Debug\rte.o
 .debug_aranges
                0x00000408       0x20 .\CortexM3\ARM_GCC_541\Debug\sc_button_type.o
 .debug_aranges
                0x00000428       0x20 .\CortexM3\ARM_GCC_541\Debug\sc_clock_type.o
 .debug_aranges
                0x00000448       0x20 .\CortexM3\ARM_GCC_541\Debug\sp_common.o
 .debug_aranges
                0x00000468       0x58 .\CortexM3\ARM_GCC_541\Debug\cyfitter_cfg.o
 .debug_aranges
                0x000004c0       0x18 .\CortexM3\ARM_GCC_541\Debug\cymetadata.o
 .debug_aranges
                0x000004d8       0x48 .\CortexM3\ARM_GCC_541\Debug\Cm3Start.o
 .debug_aranges
                0x00000520       0x20 .\CortexM3\ARM_GCC_541\Debug\EAA_Lab2.a(ErikaOS_1_ee_activate.o)
 .debug_aranges
                0x00000540       0x20 .\CortexM3\ARM_GCC_541\Debug\EAA_Lab2.a(ErikaOS_1_ee_alsetrel.o)
 .debug_aranges
                0x00000560       0x58 .\CortexM3\ARM_GCC_541\Debug\EAA_Lab2.a(ErikaOS_1_ee_altick.o)
 .debug_aranges
                0x000005b8       0x20 .\CortexM3\ARM_GCC_541\Debug\EAA_Lab2.a(ErikaOS_1_ee_evclear.o)
 .debug_aranges
                0x000005d8       0x20 .\CortexM3\ARM_GCC_541\Debug\EAA_Lab2.a(ErikaOS_1_ee_evget.o)
 .debug_aranges
                0x000005f8       0x20 .\CortexM3\ARM_GCC_541\Debug\EAA_Lab2.a(ErikaOS_1_ee_evset.o)
 .debug_aranges
                0x00000618       0x20 .\CortexM3\ARM_GCC_541\Debug\EAA_Lab2.a(ErikaOS_1_ee_evwait.o)
 .debug_aranges
                0x00000638       0x30 .\CortexM3\ARM_GCC_541\Debug\EAA_Lab2.a(ErikaOS_1_ee_irqendin.o)
 .debug_aranges
                0x00000668       0x20 .\CortexM3\ARM_GCC_541\Debug\EAA_Lab2.a(ErikaOS_1_ee_lockres.o)
 .debug_aranges
                0x00000688       0x18 .\CortexM3\ARM_GCC_541\Debug\EAA_Lab2.a(ErikaOS_1_ee_lookup.o)
 .debug_aranges
                0x000006a0       0x20 .\CortexM3\ARM_GCC_541\Debug\EAA_Lab2.a(ErikaOS_1_ee_rq_exchg.o)
 .debug_aranges
                0x000006c0       0x20 .\CortexM3\ARM_GCC_541\Debug\EAA_Lab2.a(ErikaOS_1_ee_rq_first.o)
 .debug_aranges
                0x000006e0       0x20 .\CortexM3\ARM_GCC_541\Debug\EAA_Lab2.a(ErikaOS_1_ee_rq_inser.o)
 .debug_aranges
                0x00000700       0x40 .\CortexM3\ARM_GCC_541\Debug\EAA_Lab2.a(ErikaOS_1_ee_startos.o)
 .debug_aranges
                0x00000740       0x20 .\CortexM3\ARM_GCC_541\Debug\EAA_Lab2.a(ErikaOS_1_ee_terminat.o)
 .debug_aranges
                0x00000760       0x20 .\CortexM3\ARM_GCC_541\Debug\EAA_Lab2.a(ErikaOS_1_ee_ulockres.o)
 .debug_aranges
                0x00000780       0x20 .\CortexM3\ARM_GCC_541\Debug\EAA_Lab2.a(ErikaOS_1_cortex_mx_ee_utils.o)
 .debug_aranges
                0x000007a0       0x18 .\CortexM3\ARM_GCC_541\Debug\EAA_Lab2.a(ErikaOS_1_common_ee_hal_structs.o)
 .debug_aranges
                0x000007b8       0x18 .\CortexM3\ARM_GCC_541\Debug\EAA_Lab2.a(ErikaOS_1_eecfg.o)
 .debug_aranges
                0x000007d0       0x38 .\CortexM3\ARM_GCC_541\Debug\EAA_Lab2.a(SEVEN_DP.o)
 .debug_aranges
                0x00000808       0x38 .\CortexM3\ARM_GCC_541\Debug\EAA_Lab2.a(SEVEN_SELECT.o)
 .debug_aranges
                0x00000840       0x28 .\CortexM3\ARM_GCC_541\Debug\EAA_Lab2.a(SEVEN_reg.o)
 .debug_aranges
                0x00000868       0x38 .\CortexM3\ARM_GCC_541\Debug\EAA_Lab2.a(BUTTON_1.o)
 .debug_aranges
                0x000008a0       0x80 .\CortexM3\ARM_GCC_541\Debug\EAA_Lab2.a(isr_Button.o)
 .debug_aranges
                0x00000920       0x38 .\CortexM3\ARM_GCC_541\Debug\EAA_Lab2.a(BUTTON_2.o)
 .debug_aranges
                0x00000958       0x38 .\CortexM3\ARM_GCC_541\Debug\EAA_Lab2.a(BUTTON_3.o)
 .debug_aranges
                0x00000990       0x38 .\CortexM3\ARM_GCC_541\Debug\EAA_Lab2.a(BUTTON_4.o)
 .debug_aranges
                0x000009c8       0x38 .\CortexM3\ARM_GCC_541\Debug\EAA_Lab2.a(LED_red.o)
 .debug_aranges
                0x00000a00       0x38 .\CortexM3\ARM_GCC_541\Debug\EAA_Lab2.a(LED_yellow.o)
 .debug_aranges
                0x00000a38       0x38 .\CortexM3\ARM_GCC_541\Debug\EAA_Lab2.a(LED_green.o)
 .debug_aranges
                0x00000a70       0xf0 .\CortexM3\ARM_GCC_541\Debug\EAA_Lab2.a(UART_LOG.o)
 .debug_aranges
                0x00000b60       0x80 .\CortexM3\ARM_GCC_541\Debug\EAA_Lab2.a(RGB_PWM_red.o)
 .debug_aranges
                0x00000be0       0x80 .\CortexM3\ARM_GCC_541\Debug\EAA_Lab2.a(RGB_PWM_green.o)
 .debug_aranges
                0x00000c60       0x80 .\CortexM3\ARM_GCC_541\Debug\EAA_Lab2.a(RGB_PWM_blue.o)
 .debug_aranges
                0x00000ce0       0x70 .\CortexM3\ARM_GCC_541\Debug\EAA_Lab2.a(UART_LOG_IntClock.o)
 .debug_aranges
                0x00000d50       0xd8 .\CortexM3\ARM_GCC_541\Debug\EAA_Lab2.a(CyDmac.o)
 .debug_aranges
                0x00000e28      0x2a0 .\CortexM3\ARM_GCC_541\Debug\EAA_Lab2.a(CyLib.o)
 .debug_aranges
                0x000010c8       0x98 .\CortexM3\ARM_GCC_541\Debug\EAA_Lab2.a(cyPm.o)
 .debug_aranges
                0x00001160       0xd8 .\CortexM3\ARM_GCC_541\Debug\EAA_Lab2.a(TFT_SPI.o)
 .debug_aranges
                0x00001238       0x38 .\CortexM3\ARM_GCC_541\Debug\EAA_Lab2.a(TFT_DC.o)
 .debug_aranges
                0x00001270       0x38 .\CortexM3\ARM_GCC_541\Debug\EAA_Lab2.a(TFT_RES.o)
 .debug_aranges
                0x000012a8       0x78 .\CortexM3\ARM_GCC_541\Debug\EAA_Lab2.a(TFT_BackLight.o)
 .debug_aranges
                0x00001320       0x70 .\CortexM3\ARM_GCC_541\Debug\EAA_Lab2.a(TFT_SPI_IntClock.o)
 .debug_aranges
                0x00001390       0x20 .\CortexM3\ARM_GCC_541\Debug\EAA_Lab2.a(ErikaOS_1_ee_gnu_change_context_isr.o)
 .debug_aranges
                0x000013b0       0x20 .\CortexM3\ARM_GCC_541\Debug\EAA_Lab2.a(ErikaOS_1_ee_gnu_irq_stack.o)
 .debug_aranges
                0x000013d0       0x20 .\CortexM3\ARM_GCC_541\Debug\EAA_Lab2.a(ErikaOS_1_ee_gnu_multi_context.o)
 .debug_aranges
                0x000013f0       0x20 .\CortexM3\ARM_GCC_541\Debug\EAA_Lab2.a(ErikaOS_1_ee_gnu_oo.o)
 .debug_aranges
                0x00001410       0x20 .\CortexM3\ARM_GCC_541\Debug\EAA_Lab2.a(CyBootAsmGnu.o)
 .debug_aranges
                0x00001430       0x20 .\CortexM3\ARM_GCC_541\Debug\EAA_Lab2.a(ErikaOS_1_ee_tnterm.o)
 .debug_aranges
                0x00001450       0x20 .\CortexM3\ARM_GCC_541\Debug\EAA_Lab2.a(ErikaOS_1_ee_tstub.o)
 .debug_aranges
                0x00001470       0x20 .\CortexM3\ARM_GCC_541\Debug\EAA_Lab2.a(ErikaOS_1_ee_ulockallres.o)
 .debug_aranges
                0x00001490       0x28 .\CortexM3\ARM_GCC_541\Debug\EAA_Lab2.a(ErikaOS_1_cortex_mx_ee_context.o)
 .debug_aranges
                0x000014b8       0x88 .\CortexM3\ARM_GCC_541\Debug\EAA_Lab2.a(CyFlash.o)
 .debug_aranges
                0x00001540       0x80 .\CortexM3\ARM_GCC_541\Debug\EAA_Lab2.a(CySpc.o)
 .debug_aranges
                0x000015c0       0x30 .\CortexM3\ARM_GCC_541\Debug\EAA_Lab2.a(ErikaOS_1_ee_thendin.o)

.debug_pubnames
 *(.debug_pubnames)

.debug_info     0x00000000    0x19d48
 *(.debug_info .gnu.linkonce.wi.*)
 .debug_info    0x00000000      0xb0f .\CortexM3\ARM_GCC_541\Debug\main.o
 .debug_info    0x00000b0f      0x54b .\CortexM3\ARM_GCC_541\Debug\statemachine.o
 .debug_info    0x0000105a      0xd2c .\CortexM3\ARM_GCC_541\Debug\swc_clock.o
 .debug_info    0x00001d86      0x279 .\CortexM3\ARM_GCC_541\Debug\tsk_control.o
 .debug_info    0x00001fff      0x95b .\CortexM3\ARM_GCC_541\Debug\tsk_io.o
 .debug_info    0x0000295a      0xfa3 .\CortexM3\ARM_GCC_541\Debug\clock_type.o
 .debug_info    0x000038fd     0x277f .\CortexM3\ARM_GCC_541\Debug\tft.o
 .debug_info    0x0000607c      0x2f5 .\CortexM3\ARM_GCC_541\Debug\button.o
 .debug_info    0x00006371      0x589 .\CortexM3\ARM_GCC_541\Debug\led.o
 .debug_info    0x000068fa      0x4a4 .\CortexM3\ARM_GCC_541\Debug\seven.o
 .debug_info    0x00006d9e      0x3b3 .\CortexM3\ARM_GCC_541\Debug\logging.o
 .debug_info    0x00007151      0x373 .\CortexM3\ARM_GCC_541\Debug\rte.o
 .debug_info    0x000074c4      0x297 .\CortexM3\ARM_GCC_541\Debug\sc_button_type.o
 .debug_info    0x0000775b      0x5f2 .\CortexM3\ARM_GCC_541\Debug\sc_clock_type.o
 .debug_info    0x00007d4d      0x9ac .\CortexM3\ARM_GCC_541\Debug\sp_common.o
 .debug_info    0x000086f9      0x659 .\CortexM3\ARM_GCC_541\Debug\cyfitter_cfg.o
 .debug_info    0x00008d52      0x139 .\CortexM3\ARM_GCC_541\Debug\cymetadata.o
 .debug_info    0x00008e8b      0x3cf .\CortexM3\ARM_GCC_541\Debug\Cm3Start.o
 .debug_info    0x0000925a      0x80d .\CortexM3\ARM_GCC_541\Debug\EAA_Lab2.a(ErikaOS_1_ee_activate.o)
 .debug_info    0x00009a67      0x5e5 .\CortexM3\ARM_GCC_541\Debug\EAA_Lab2.a(ErikaOS_1_ee_alsetrel.o)
 .debug_info    0x0000a04c      0xc3b .\CortexM3\ARM_GCC_541\Debug\EAA_Lab2.a(ErikaOS_1_ee_altick.o)
 .debug_info    0x0000ac87      0x5a7 .\CortexM3\ARM_GCC_541\Debug\EAA_Lab2.a(ErikaOS_1_ee_evclear.o)
 .debug_info    0x0000b22e      0x4ca .\CortexM3\ARM_GCC_541\Debug\EAA_Lab2.a(ErikaOS_1_ee_evget.o)
 .debug_info    0x0000b6f8      0x7c3 .\CortexM3\ARM_GCC_541\Debug\EAA_Lab2.a(ErikaOS_1_ee_evset.o)
 .debug_info    0x0000bebb      0x85a .\CortexM3\ARM_GCC_541\Debug\EAA_Lab2.a(ErikaOS_1_ee_evwait.o)
 .debug_info    0x0000c715      0x5cb .\CortexM3\ARM_GCC_541\Debug\EAA_Lab2.a(ErikaOS_1_ee_irqendin.o)
 .debug_info    0x0000cce0      0x60d .\CortexM3\ARM_GCC_541\Debug\EAA_Lab2.a(ErikaOS_1_ee_lockres.o)
 .debug_info    0x0000d2ed      0x3d0 .\CortexM3\ARM_GCC_541\Debug\EAA_Lab2.a(ErikaOS_1_ee_lookup.o)
 .debug_info    0x0000d6bd      0x46f .\CortexM3\ARM_GCC_541\Debug\EAA_Lab2.a(ErikaOS_1_ee_rq_exchg.o)
 .debug_info    0x0000db2c      0x421 .\CortexM3\ARM_GCC_541\Debug\EAA_Lab2.a(ErikaOS_1_ee_rq_first.o)
 .debug_info    0x0000df4d      0x475 .\CortexM3\ARM_GCC_541\Debug\EAA_Lab2.a(ErikaOS_1_ee_rq_inser.o)
 .debug_info    0x0000e3c2     0x2040 .\CortexM3\ARM_GCC_541\Debug\EAA_Lab2.a(ErikaOS_1_ee_startos.o)
 .debug_info    0x00010402      0x595 .\CortexM3\ARM_GCC_541\Debug\EAA_Lab2.a(ErikaOS_1_ee_terminat.o)
 .debug_info    0x00010997      0x7fb .\CortexM3\ARM_GCC_541\Debug\EAA_Lab2.a(ErikaOS_1_ee_ulockres.o)
 .debug_info    0x00011192      0x513 .\CortexM3\ARM_GCC_541\Debug\EAA_Lab2.a(ErikaOS_1_cortex_mx_ee_utils.o)
 .debug_info    0x000116a5      0x3cb .\CortexM3\ARM_GCC_541\Debug\EAA_Lab2.a(ErikaOS_1_common_ee_hal_structs.o)
 .debug_info    0x00011a70      0x98e .\CortexM3\ARM_GCC_541\Debug\EAA_Lab2.a(ErikaOS_1_eecfg.o)
 .debug_info    0x000123fe      0x11f .\CortexM3\ARM_GCC_541\Debug\EAA_Lab2.a(SEVEN_DP.o)
 .debug_info    0x0001251d      0x11f .\CortexM3\ARM_GCC_541\Debug\EAA_Lab2.a(SEVEN_SELECT.o)
 .debug_info    0x0001263c       0xd6 .\CortexM3\ARM_GCC_541\Debug\EAA_Lab2.a(SEVEN_reg.o)
 .debug_info    0x00012712      0x11f .\CortexM3\ARM_GCC_541\Debug\EAA_Lab2.a(BUTTON_1.o)
 .debug_info    0x00012831      0x2d2 .\CortexM3\ARM_GCC_541\Debug\EAA_Lab2.a(isr_Button.o)
 .debug_info    0x00012b03      0x11f .\CortexM3\ARM_GCC_541\Debug\EAA_Lab2.a(BUTTON_2.o)
 .debug_info    0x00012c22      0x11f .\CortexM3\ARM_GCC_541\Debug\EAA_Lab2.a(BUTTON_3.o)
 .debug_info    0x00012d41      0x11f .\CortexM3\ARM_GCC_541\Debug\EAA_Lab2.a(BUTTON_4.o)
 .debug_info    0x00012e60      0x11f .\CortexM3\ARM_GCC_541\Debug\EAA_Lab2.a(LED_red.o)
 .debug_info    0x00012f7f      0x11f .\CortexM3\ARM_GCC_541\Debug\EAA_Lab2.a(LED_yellow.o)
 .debug_info    0x0001309e      0x11f .\CortexM3\ARM_GCC_541\Debug\EAA_Lab2.a(LED_green.o)
 .debug_info    0x000131bd      0x60c .\CortexM3\ARM_GCC_541\Debug\EAA_Lab2.a(UART_LOG.o)
 .debug_info    0x000137c9      0x295 .\CortexM3\ARM_GCC_541\Debug\EAA_Lab2.a(RGB_PWM_red.o)
 .debug_info    0x00013a5e      0x295 .\CortexM3\ARM_GCC_541\Debug\EAA_Lab2.a(RGB_PWM_green.o)
 .debug_info    0x00013cf3      0x295 .\CortexM3\ARM_GCC_541\Debug\EAA_Lab2.a(RGB_PWM_blue.o)
 .debug_info    0x00013f88      0x283 .\CortexM3\ARM_GCC_541\Debug\EAA_Lab2.a(UART_LOG_IntClock.o)
 .debug_info    0x0001420b      0x94e .\CortexM3\ARM_GCC_541\Debug\EAA_Lab2.a(CyDmac.o)
 .debug_info    0x00014b59     0x1374 .\CortexM3\ARM_GCC_541\Debug\EAA_Lab2.a(CyLib.o)
 .debug_info    0x00015ecd      0xa2a .\CortexM3\ARM_GCC_541\Debug\EAA_Lab2.a(cyPm.o)
 .debug_info    0x000168f7      0x4bb .\CortexM3\ARM_GCC_541\Debug\EAA_Lab2.a(TFT_SPI.o)
 .debug_info    0x00016db2      0x11f .\CortexM3\ARM_GCC_541\Debug\EAA_Lab2.a(TFT_DC.o)
 .debug_info    0x00016ed1      0x11f .\CortexM3\ARM_GCC_541\Debug\EAA_Lab2.a(TFT_RES.o)
 .debug_info    0x00016ff0      0x27e .\CortexM3\ARM_GCC_541\Debug\EAA_Lab2.a(TFT_BackLight.o)
 .debug_info    0x0001726e      0x283 .\CortexM3\ARM_GCC_541\Debug\EAA_Lab2.a(TFT_SPI_IntClock.o)
 .debug_info    0x000174f1       0xb9 .\CortexM3\ARM_GCC_541\Debug\EAA_Lab2.a(ErikaOS_1_ee_gnu_change_context_isr.o)
 .debug_info    0x000175aa       0xb0 .\CortexM3\ARM_GCC_541\Debug\EAA_Lab2.a(ErikaOS_1_ee_gnu_irq_stack.o)
 .debug_info    0x0001765a       0xb4 .\CortexM3\ARM_GCC_541\Debug\EAA_Lab2.a(ErikaOS_1_ee_gnu_multi_context.o)
 .debug_info    0x0001770e       0xa9 .\CortexM3\ARM_GCC_541\Debug\EAA_Lab2.a(ErikaOS_1_ee_gnu_oo.o)
 .debug_info    0x000177b7       0xa2 .\CortexM3\ARM_GCC_541\Debug\EAA_Lab2.a(CyBootAsmGnu.o)
 .debug_info    0x00017859      0x473 .\CortexM3\ARM_GCC_541\Debug\EAA_Lab2.a(ErikaOS_1_ee_tnterm.o)
 .debug_info    0x00017ccc      0x487 .\CortexM3\ARM_GCC_541\Debug\EAA_Lab2.a(ErikaOS_1_ee_tstub.o)
 .debug_info    0x00018153      0x45e .\CortexM3\ARM_GCC_541\Debug\EAA_Lab2.a(ErikaOS_1_ee_ulockallres.o)
 .debug_info    0x000185b1      0x501 .\CortexM3\ARM_GCC_541\Debug\EAA_Lab2.a(ErikaOS_1_cortex_mx_ee_context.o)
 .debug_info    0x00018ab2      0x64d .\CortexM3\ARM_GCC_541\Debug\EAA_Lab2.a(CyFlash.o)
 .debug_info    0x000190ff      0x550 .\CortexM3\ARM_GCC_541\Debug\EAA_Lab2.a(CySpc.o)
 .debug_info    0x0001964f      0x6f9 .\CortexM3\ARM_GCC_541\Debug\EAA_Lab2.a(ErikaOS_1_ee_thendin.o)

.debug_abbrev   0x00000000     0x66ae
 *(.debug_abbrev)
 .debug_abbrev  0x00000000      0x2f6 .\CortexM3\ARM_GCC_541\Debug\main.o
 .debug_abbrev  0x000002f6      0x185 .\CortexM3\ARM_GCC_541\Debug\statemachine.o
 .debug_abbrev  0x0000047b      0x270 .\CortexM3\ARM_GCC_541\Debug\swc_clock.o
 .debug_abbrev  0x000006eb      0x158 .\CortexM3\ARM_GCC_541\Debug\tsk_control.o
 .debug_abbrev  0x00000843      0x28e .\CortexM3\ARM_GCC_541\Debug\tsk_io.o
 .debug_abbrev  0x00000ad1      0x28c .\CortexM3\ARM_GCC_541\Debug\clock_type.o
 .debug_abbrev  0x00000d5d      0x2d0 .\CortexM3\ARM_GCC_541\Debug\tft.o
 .debug_abbrev  0x0000102d      0x11e .\CortexM3\ARM_GCC_541\Debug\button.o
 .debug_abbrev  0x0000114b      0x1c7 .\CortexM3\ARM_GCC_541\Debug\led.o
 .debug_abbrev  0x00001312      0x166 .\CortexM3\ARM_GCC_541\Debug\seven.o
 .debug_abbrev  0x00001478      0x15b .\CortexM3\ARM_GCC_541\Debug\logging.o
 .debug_abbrev  0x000015d3      0x15e .\CortexM3\ARM_GCC_541\Debug\rte.o
 .debug_abbrev  0x00001731      0x120 .\CortexM3\ARM_GCC_541\Debug\sc_button_type.o
 .debug_abbrev  0x00001851      0x162 .\CortexM3\ARM_GCC_541\Debug\sc_clock_type.o
 .debug_abbrev  0x000019b3      0x1a4 .\CortexM3\ARM_GCC_541\Debug\sp_common.o
 .debug_abbrev  0x00001b57      0x20d .\CortexM3\ARM_GCC_541\Debug\cyfitter_cfg.o
 .debug_abbrev  0x00001d64       0x77 .\CortexM3\ARM_GCC_541\Debug\cymetadata.o
 .debug_abbrev  0x00001ddb      0x1e8 .\CortexM3\ARM_GCC_541\Debug\Cm3Start.o
 .debug_abbrev  0x00001fc3      0x284 .\CortexM3\ARM_GCC_541\Debug\EAA_Lab2.a(ErikaOS_1_ee_activate.o)
 .debug_abbrev  0x00002247      0x1f7 .\CortexM3\ARM_GCC_541\Debug\EAA_Lab2.a(ErikaOS_1_ee_alsetrel.o)
 .debug_abbrev  0x0000243e      0x362 .\CortexM3\ARM_GCC_541\Debug\EAA_Lab2.a(ErikaOS_1_ee_altick.o)
 .debug_abbrev  0x000027a0      0x1e0 .\CortexM3\ARM_GCC_541\Debug\EAA_Lab2.a(ErikaOS_1_ee_evclear.o)
 .debug_abbrev  0x00002980      0x150 .\CortexM3\ARM_GCC_541\Debug\EAA_Lab2.a(ErikaOS_1_ee_evget.o)
 .debug_abbrev  0x00002ad0      0x27f .\CortexM3\ARM_GCC_541\Debug\EAA_Lab2.a(ErikaOS_1_ee_evset.o)
 .debug_abbrev  0x00002d4f      0x25d .\CortexM3\ARM_GCC_541\Debug\EAA_Lab2.a(ErikaOS_1_ee_evwait.o)
 .debug_abbrev  0x00002fac      0x1da .\CortexM3\ARM_GCC_541\Debug\EAA_Lab2.a(ErikaOS_1_ee_irqendin.o)
 .debug_abbrev  0x00003186      0x1ef .\CortexM3\ARM_GCC_541\Debug\EAA_Lab2.a(ErikaOS_1_ee_lockres.o)
 .debug_abbrev  0x00003375       0xcf .\CortexM3\ARM_GCC_541\Debug\EAA_Lab2.a(ErikaOS_1_ee_lookup.o)
 .debug_abbrev  0x00003444       0xfc .\CortexM3\ARM_GCC_541\Debug\EAA_Lab2.a(ErikaOS_1_ee_rq_exchg.o)
 .debug_abbrev  0x00003540       0xed .\CortexM3\ARM_GCC_541\Debug\EAA_Lab2.a(ErikaOS_1_ee_rq_first.o)
 .debug_abbrev  0x0000362d      0x109 .\CortexM3\ARM_GCC_541\Debug\EAA_Lab2.a(ErikaOS_1_ee_rq_inser.o)
 .debug_abbrev  0x00003736      0x4a7 .\CortexM3\ARM_GCC_541\Debug\EAA_Lab2.a(ErikaOS_1_ee_startos.o)
 .debug_abbrev  0x00003bdd      0x1de .\CortexM3\ARM_GCC_541\Debug\EAA_Lab2.a(ErikaOS_1_ee_terminat.o)
 .debug_abbrev  0x00003dbb      0x277 .\CortexM3\ARM_GCC_541\Debug\EAA_Lab2.a(ErikaOS_1_ee_ulockres.o)
 .debug_abbrev  0x00004032      0x1e3 .\CortexM3\ARM_GCC_541\Debug\EAA_Lab2.a(ErikaOS_1_cortex_mx_ee_utils.o)
 .debug_abbrev  0x00004215       0xcf .\CortexM3\ARM_GCC_541\Debug\EAA_Lab2.a(ErikaOS_1_common_ee_hal_structs.o)
 .debug_abbrev  0x000042e4      0x127 .\CortexM3\ARM_GCC_541\Debug\EAA_Lab2.a(ErikaOS_1_eecfg.o)
 .debug_abbrev  0x0000440b       0x90 .\CortexM3\ARM_GCC_541\Debug\EAA_Lab2.a(SEVEN_DP.o)
 .debug_abbrev  0x0000449b       0x90 .\CortexM3\ARM_GCC_541\Debug\EAA_Lab2.a(SEVEN_SELECT.o)
 .debug_abbrev  0x0000452b       0x81 .\CortexM3\ARM_GCC_541\Debug\EAA_Lab2.a(SEVEN_reg.o)
 .debug_abbrev  0x000045ac       0x90 .\CortexM3\ARM_GCC_541\Debug\EAA_Lab2.a(BUTTON_1.o)
 .debug_abbrev  0x0000463c      0x173 .\CortexM3\ARM_GCC_541\Debug\EAA_Lab2.a(isr_Button.o)
 .debug_abbrev  0x000047af       0x90 .\CortexM3\ARM_GCC_541\Debug\EAA_Lab2.a(BUTTON_2.o)
 .debug_abbrev  0x0000483f       0x90 .\CortexM3\ARM_GCC_541\Debug\EAA_Lab2.a(BUTTON_3.o)
 .debug_abbrev  0x000048cf       0x90 .\CortexM3\ARM_GCC_541\Debug\EAA_Lab2.a(BUTTON_4.o)
 .debug_abbrev  0x0000495f       0x90 .\CortexM3\ARM_GCC_541\Debug\EAA_Lab2.a(LED_red.o)
 .debug_abbrev  0x000049ef       0x90 .\CortexM3\ARM_GCC_541\Debug\EAA_Lab2.a(LED_yellow.o)
 .debug_abbrev  0x00004a7f       0x90 .\CortexM3\ARM_GCC_541\Debug\EAA_Lab2.a(LED_green.o)
 .debug_abbrev  0x00004b0f      0x175 .\CortexM3\ARM_GCC_541\Debug\EAA_Lab2.a(UART_LOG.o)
 .debug_abbrev  0x00004c84      0x12d .\CortexM3\ARM_GCC_541\Debug\EAA_Lab2.a(RGB_PWM_red.o)
 .debug_abbrev  0x00004db1      0x12d .\CortexM3\ARM_GCC_541\Debug\EAA_Lab2.a(RGB_PWM_green.o)
 .debug_abbrev  0x00004ede      0x12d .\CortexM3\ARM_GCC_541\Debug\EAA_Lab2.a(RGB_PWM_blue.o)
 .debug_abbrev  0x0000500b      0x139 .\CortexM3\ARM_GCC_541\Debug\EAA_Lab2.a(UART_LOG_IntClock.o)
 .debug_abbrev  0x00005144      0x1b2 .\CortexM3\ARM_GCC_541\Debug\EAA_Lab2.a(CyDmac.o)
 .debug_abbrev  0x000052f6      0x254 .\CortexM3\ARM_GCC_541\Debug\EAA_Lab2.a(CyLib.o)
 .debug_abbrev  0x0000554a      0x1ab .\CortexM3\ARM_GCC_541\Debug\EAA_Lab2.a(cyPm.o)
 .debug_abbrev  0x000056f5      0x146 .\CortexM3\ARM_GCC_541\Debug\EAA_Lab2.a(TFT_SPI.o)
 .debug_abbrev  0x0000583b       0x90 .\CortexM3\ARM_GCC_541\Debug\EAA_Lab2.a(TFT_DC.o)
 .debug_abbrev  0x000058cb       0x90 .\CortexM3\ARM_GCC_541\Debug\EAA_Lab2.a(TFT_RES.o)
 .debug_abbrev  0x0000595b      0x12d .\CortexM3\ARM_GCC_541\Debug\EAA_Lab2.a(TFT_BackLight.o)
 .debug_abbrev  0x00005a88      0x139 .\CortexM3\ARM_GCC_541\Debug\EAA_Lab2.a(TFT_SPI_IntClock.o)
 .debug_abbrev  0x00005bc1       0x14 .\CortexM3\ARM_GCC_541\Debug\EAA_Lab2.a(ErikaOS_1_ee_gnu_change_context_isr.o)
 .debug_abbrev  0x00005bd5       0x14 .\CortexM3\ARM_GCC_541\Debug\EAA_Lab2.a(ErikaOS_1_ee_gnu_irq_stack.o)
 .debug_abbrev  0x00005be9       0x14 .\CortexM3\ARM_GCC_541\Debug\EAA_Lab2.a(ErikaOS_1_ee_gnu_multi_context.o)
 .debug_abbrev  0x00005bfd       0x14 .\CortexM3\ARM_GCC_541\Debug\EAA_Lab2.a(ErikaOS_1_ee_gnu_oo.o)
 .debug_abbrev  0x00005c11       0x14 .\CortexM3\ARM_GCC_541\Debug\EAA_Lab2.a(CyBootAsmGnu.o)
 .debug_abbrev  0x00005c25      0x190 .\CortexM3\ARM_GCC_541\Debug\EAA_Lab2.a(ErikaOS_1_ee_tnterm.o)
 .debug_abbrev  0x00005db5      0x143 .\CortexM3\ARM_GCC_541\Debug\EAA_Lab2.a(ErikaOS_1_ee_tstub.o)
 .debug_abbrev  0x00005ef8       0xfc .\CortexM3\ARM_GCC_541\Debug\EAA_Lab2.a(ErikaOS_1_ee_ulockallres.o)
 .debug_abbrev  0x00005ff4      0x156 .\CortexM3\ARM_GCC_541\Debug\EAA_Lab2.a(ErikaOS_1_cortex_mx_ee_context.o)
 .debug_abbrev  0x0000614a      0x1a7 .\CortexM3\ARM_GCC_541\Debug\EAA_Lab2.a(CyFlash.o)
 .debug_abbrev  0x000062f1      0x194 .\CortexM3\ARM_GCC_541\Debug\EAA_Lab2.a(CySpc.o)
 .debug_abbrev  0x00006485      0x229 .\CortexM3\ARM_GCC_541\Debug\EAA_Lab2.a(ErikaOS_1_ee_thendin.o)

.debug_line     0x00000000     0x92df
 *(.debug_line)
 .debug_line    0x00000000      0x529 .\CortexM3\ARM_GCC_541\Debug\main.o
 .debug_line    0x00000529      0x31a .\CortexM3\ARM_GCC_541\Debug\statemachine.o
 .debug_line    0x00000843      0x467 .\CortexM3\ARM_GCC_541\Debug\swc_clock.o
 .debug_line    0x00000caa      0x28e .\CortexM3\ARM_GCC_541\Debug\tsk_control.o
 .debug_line    0x00000f38      0x4c2 .\CortexM3\ARM_GCC_541\Debug\tsk_io.o
 .debug_line    0x000013fa      0x535 .\CortexM3\ARM_GCC_541\Debug\clock_type.o
 .debug_line    0x0000192f      0x90d .\CortexM3\ARM_GCC_541\Debug\tft.o
 .debug_line    0x0000223c      0x2a6 .\CortexM3\ARM_GCC_541\Debug\button.o
 .debug_line    0x000024e2      0x35c .\CortexM3\ARM_GCC_541\Debug\led.o
 .debug_line    0x0000283e      0x2ce .\CortexM3\ARM_GCC_541\Debug\seven.o
 .debug_line    0x00002b0c      0x255 .\CortexM3\ARM_GCC_541\Debug\logging.o
 .debug_line    0x00002d61      0x293 .\CortexM3\ARM_GCC_541\Debug\rte.o
 .debug_line    0x00002ff4        0x0 .\CortexM3\ARM_GCC_541\Debug\sc_button.o
 .debug_line    0x00002ff4      0x257 .\CortexM3\ARM_GCC_541\Debug\sc_button_type.o
 .debug_line    0x0000324b        0x0 .\CortexM3\ARM_GCC_541\Debug\sc_clock.o
 .debug_line    0x0000324b      0x2ec .\CortexM3\ARM_GCC_541\Debug\sc_clock_type.o
 .debug_line    0x00003537        0x0 .\CortexM3\ARM_GCC_541\Debug\sc_event.o
 .debug_line    0x00003537      0x35d .\CortexM3\ARM_GCC_541\Debug\sp_common.o
 .debug_line    0x00003894      0x20a .\CortexM3\ARM_GCC_541\Debug\cyfitter_cfg.o
 .debug_line    0x00003a9e      0x141 .\CortexM3\ARM_GCC_541\Debug\cymetadata.o
 .debug_line    0x00003bdf      0x241 .\CortexM3\ARM_GCC_541\Debug\Cm3Start.o
 .debug_line    0x00003e20      0x1fa .\CortexM3\ARM_GCC_541\Debug\EAA_Lab2.a(ErikaOS_1_ee_activate.o)
 .debug_line    0x0000401a      0x1d1 .\CortexM3\ARM_GCC_541\Debug\EAA_Lab2.a(ErikaOS_1_ee_alsetrel.o)
 .debug_line    0x000041eb      0x305 .\CortexM3\ARM_GCC_541\Debug\EAA_Lab2.a(ErikaOS_1_ee_altick.o)
 .debug_line    0x000044f0      0x1d5 .\CortexM3\ARM_GCC_541\Debug\EAA_Lab2.a(ErikaOS_1_ee_evclear.o)
 .debug_line    0x000046c5      0x15b .\CortexM3\ARM_GCC_541\Debug\EAA_Lab2.a(ErikaOS_1_ee_evget.o)
 .debug_line    0x00004820      0x1f7 .\CortexM3\ARM_GCC_541\Debug\EAA_Lab2.a(ErikaOS_1_ee_evset.o)
 .debug_line    0x00004a17      0x205 .\CortexM3\ARM_GCC_541\Debug\EAA_Lab2.a(ErikaOS_1_ee_evwait.o)
 .debug_line    0x00004c1c      0x1a0 .\CortexM3\ARM_GCC_541\Debug\EAA_Lab2.a(ErikaOS_1_ee_irqendin.o)
 .debug_line    0x00004dbc      0x1f1 .\CortexM3\ARM_GCC_541\Debug\EAA_Lab2.a(ErikaOS_1_ee_lockres.o)
 .debug_line    0x00004fad      0x119 .\CortexM3\ARM_GCC_541\Debug\EAA_Lab2.a(ErikaOS_1_ee_lookup.o)
 .debug_line    0x000050c6      0x15b .\CortexM3\ARM_GCC_541\Debug\EAA_Lab2.a(ErikaOS_1_ee_rq_exchg.o)
 .debug_line    0x00005221      0x152 .\CortexM3\ARM_GCC_541\Debug\EAA_Lab2.a(ErikaOS_1_ee_rq_first.o)
 .debug_line    0x00005373      0x156 .\CortexM3\ARM_GCC_541\Debug\EAA_Lab2.a(ErikaOS_1_ee_rq_inser.o)
 .debug_line    0x000054c9      0x3fa .\CortexM3\ARM_GCC_541\Debug\EAA_Lab2.a(ErikaOS_1_ee_startos.o)
 .debug_line    0x000058c3      0x1c4 .\CortexM3\ARM_GCC_541\Debug\EAA_Lab2.a(ErikaOS_1_ee_terminat.o)
 .debug_line    0x00005a87      0x215 .\CortexM3\ARM_GCC_541\Debug\EAA_Lab2.a(ErikaOS_1_ee_ulockres.o)
 .debug_line    0x00005c9c      0x184 .\CortexM3\ARM_GCC_541\Debug\EAA_Lab2.a(ErikaOS_1_cortex_mx_ee_utils.o)
 .debug_line    0x00005e20       0xf9 .\CortexM3\ARM_GCC_541\Debug\EAA_Lab2.a(ErikaOS_1_common_ee_hal_structs.o)
 .debug_line    0x00005f19      0x13c .\CortexM3\ARM_GCC_541\Debug\EAA_Lab2.a(ErikaOS_1_eecfg.o)
 .debug_line    0x00006055       0x95 .\CortexM3\ARM_GCC_541\Debug\EAA_Lab2.a(SEVEN_DP.o)
 .debug_line    0x000060ea       0x99 .\CortexM3\ARM_GCC_541\Debug\EAA_Lab2.a(SEVEN_SELECT.o)
 .debug_line    0x00006183       0x71 .\CortexM3\ARM_GCC_541\Debug\EAA_Lab2.a(SEVEN_reg.o)
 .debug_line    0x000061f4       0x95 .\CortexM3\ARM_GCC_541\Debug\EAA_Lab2.a(BUTTON_1.o)
 .debug_line    0x00006289      0x137 .\CortexM3\ARM_GCC_541\Debug\EAA_Lab2.a(isr_Button.o)
 .debug_line    0x000063c0       0x95 .\CortexM3\ARM_GCC_541\Debug\EAA_Lab2.a(BUTTON_2.o)
 .debug_line    0x00006455       0x95 .\CortexM3\ARM_GCC_541\Debug\EAA_Lab2.a(BUTTON_3.o)
 .debug_line    0x000064ea       0x95 .\CortexM3\ARM_GCC_541\Debug\EAA_Lab2.a(BUTTON_4.o)
 .debug_line    0x0000657f       0x94 .\CortexM3\ARM_GCC_541\Debug\EAA_Lab2.a(LED_red.o)
 .debug_line    0x00006613       0x97 .\CortexM3\ARM_GCC_541\Debug\EAA_Lab2.a(LED_yellow.o)
 .debug_line    0x000066aa       0x96 .\CortexM3\ARM_GCC_541\Debug\EAA_Lab2.a(LED_green.o)
 .debug_line    0x00006740      0x2c4 .\CortexM3\ARM_GCC_541\Debug\EAA_Lab2.a(UART_LOG.o)
 .debug_line    0x00006a04      0x143 .\CortexM3\ARM_GCC_541\Debug\EAA_Lab2.a(RGB_PWM_red.o)
 .debug_line    0x00006b47      0x145 .\CortexM3\ARM_GCC_541\Debug\EAA_Lab2.a(RGB_PWM_green.o)
 .debug_line    0x00006c8c      0x144 .\CortexM3\ARM_GCC_541\Debug\EAA_Lab2.a(RGB_PWM_blue.o)
 .debug_line    0x00006dd0      0x180 .\CortexM3\ARM_GCC_541\Debug\EAA_Lab2.a(UART_LOG_IntClock.o)
 .debug_line    0x00006f50      0x2e4 .\CortexM3\ARM_GCC_541\Debug\EAA_Lab2.a(CyDmac.o)
 .debug_line    0x00007234      0x816 .\CortexM3\ARM_GCC_541\Debug\EAA_Lab2.a(CyLib.o)
 .debug_line    0x00007a4a      0x367 .\CortexM3\ARM_GCC_541\Debug\EAA_Lab2.a(cyPm.o)
 .debug_line    0x00007db1      0x249 .\CortexM3\ARM_GCC_541\Debug\EAA_Lab2.a(TFT_SPI.o)
 .debug_line    0x00007ffa       0x93 .\CortexM3\ARM_GCC_541\Debug\EAA_Lab2.a(TFT_DC.o)
 .debug_line    0x0000808d       0x94 .\CortexM3\ARM_GCC_541\Debug\EAA_Lab2.a(TFT_RES.o)
 .debug_line    0x00008121      0x13b .\CortexM3\ARM_GCC_541\Debug\EAA_Lab2.a(TFT_BackLight.o)
 .debug_line    0x0000825c      0x17f .\CortexM3\ARM_GCC_541\Debug\EAA_Lab2.a(TFT_SPI_IntClock.o)
 .debug_line    0x000083db       0xae .\CortexM3\ARM_GCC_541\Debug\EAA_Lab2.a(ErikaOS_1_ee_gnu_change_context_isr.o)
 .debug_line    0x00008489       0x74 .\CortexM3\ARM_GCC_541\Debug\EAA_Lab2.a(ErikaOS_1_ee_gnu_irq_stack.o)
 .debug_line    0x000084fd       0x9d .\CortexM3\ARM_GCC_541\Debug\EAA_Lab2.a(ErikaOS_1_ee_gnu_multi_context.o)
 .debug_line    0x0000859a       0x99 .\CortexM3\ARM_GCC_541\Debug\EAA_Lab2.a(ErikaOS_1_ee_gnu_oo.o)
 .debug_line    0x00008633       0x66 .\CortexM3\ARM_GCC_541\Debug\EAA_Lab2.a(CyBootAsmGnu.o)
 .debug_line    0x00008699      0x183 .\CortexM3\ARM_GCC_541\Debug\EAA_Lab2.a(ErikaOS_1_ee_tnterm.o)
 .debug_line    0x0000881c      0x172 .\CortexM3\ARM_GCC_541\Debug\EAA_Lab2.a(ErikaOS_1_ee_tstub.o)
 .debug_line    0x0000898e      0x164 .\CortexM3\ARM_GCC_541\Debug\EAA_Lab2.a(ErikaOS_1_ee_ulockallres.o)
 .debug_line    0x00008af2      0x1ac .\CortexM3\ARM_GCC_541\Debug\EAA_Lab2.a(ErikaOS_1_cortex_mx_ee_context.o)
 .debug_line    0x00008c9e      0x21a .\CortexM3\ARM_GCC_541\Debug\EAA_Lab2.a(CyFlash.o)
 .debug_line    0x00008eb8      0x260 .\CortexM3\ARM_GCC_541\Debug\EAA_Lab2.a(CySpc.o)
 .debug_line    0x00009118      0x1c7 .\CortexM3\ARM_GCC_541\Debug\EAA_Lab2.a(ErikaOS_1_ee_thendin.o)

.debug_frame    0x00000000     0x3544
 *(.debug_frame)
 .debug_frame   0x00000000       0xac .\CortexM3\ARM_GCC_541\Debug\main.o
 .debug_frame   0x000000ac       0x88 .\CortexM3\ARM_GCC_541\Debug\statemachine.o
 .debug_frame   0x00000134       0xb4 .\CortexM3\ARM_GCC_541\Debug\swc_clock.o
 .debug_frame   0x000001e8       0x2c .\CortexM3\ARM_GCC_541\Debug\tsk_control.o
 .debug_frame   0x00000214       0x80 .\CortexM3\ARM_GCC_541\Debug\tsk_io.o
 .debug_frame   0x00000294      0x1e4 .\CortexM3\ARM_GCC_541\Debug\clock_type.o
 .debug_frame   0x00000478      0x5bc .\CortexM3\ARM_GCC_541\Debug\tft.o
 .debug_frame   0x00000a34       0x4c .\CortexM3\ARM_GCC_541\Debug\button.o
 .debug_frame   0x00000a80       0x8c .\CortexM3\ARM_GCC_541\Debug\led.o
 .debug_frame   0x00000b0c       0xcc .\CortexM3\ARM_GCC_541\Debug\seven.o
 .debug_frame   0x00000bd8       0x48 .\CortexM3\ARM_GCC_541\Debug\logging.o
 .debug_frame   0x00000c20       0x60 .\CortexM3\ARM_GCC_541\Debug\rte.o
 .debug_frame   0x00000c80       0x2c .\CortexM3\ARM_GCC_541\Debug\sc_button_type.o
 .debug_frame   0x00000cac       0x34 .\CortexM3\ARM_GCC_541\Debug\sc_clock_type.o
 .debug_frame   0x00000ce0       0x20 .\CortexM3\ARM_GCC_541\Debug\sp_common.o
 .debug_frame   0x00000d00       0xfc .\CortexM3\ARM_GCC_541\Debug\cyfitter_cfg.o
 .debug_frame   0x00000dfc       0xb8 .\CortexM3\ARM_GCC_541\Debug\Cm3Start.o
 .debug_frame   0x00000eb4       0x30 .\CortexM3\ARM_GCC_541\Debug\EAA_Lab2.a(ErikaOS_1_ee_activate.o)
 .debug_frame   0x00000ee4       0x38 .\CortexM3\ARM_GCC_541\Debug\EAA_Lab2.a(ErikaOS_1_ee_alsetrel.o)
 .debug_frame   0x00000f1c      0x10c .\CortexM3\ARM_GCC_541\Debug\EAA_Lab2.a(ErikaOS_1_ee_altick.o)
 .debug_frame   0x00001028       0x38 .\CortexM3\ARM_GCC_541\Debug\EAA_Lab2.a(ErikaOS_1_ee_evclear.o)
 .debug_frame   0x00001060       0x20 .\CortexM3\ARM_GCC_541\Debug\EAA_Lab2.a(ErikaOS_1_ee_evget.o)
 .debug_frame   0x00001080       0x30 .\CortexM3\ARM_GCC_541\Debug\EAA_Lab2.a(ErikaOS_1_ee_evset.o)
 .debug_frame   0x000010b0       0x30 .\CortexM3\ARM_GCC_541\Debug\EAA_Lab2.a(ErikaOS_1_ee_evwait.o)
 .debug_frame   0x000010e0       0x58 .\CortexM3\ARM_GCC_541\Debug\EAA_Lab2.a(ErikaOS_1_ee_irqendin.o)
 .debug_frame   0x00001138       0x40 .\CortexM3\ARM_GCC_541\Debug\EAA_Lab2.a(ErikaOS_1_ee_lockres.o)
 .debug_frame   0x00001178       0x3c .\CortexM3\ARM_GCC_541\Debug\EAA_Lab2.a(ErikaOS_1_ee_rq_exchg.o)
 .debug_frame   0x000011b4       0x20 .\CortexM3\ARM_GCC_541\Debug\EAA_Lab2.a(ErikaOS_1_ee_rq_first.o)
 .debug_frame   0x000011d4       0x30 .\CortexM3\ARM_GCC_541\Debug\EAA_Lab2.a(ErikaOS_1_ee_rq_inser.o)
 .debug_frame   0x00001204       0x90 .\CortexM3\ARM_GCC_541\Debug\EAA_Lab2.a(ErikaOS_1_ee_startos.o)
 .debug_frame   0x00001294       0x2c .\CortexM3\ARM_GCC_541\Debug\EAA_Lab2.a(ErikaOS_1_ee_terminat.o)
 .debug_frame   0x000012c0       0x30 .\CortexM3\ARM_GCC_541\Debug\EAA_Lab2.a(ErikaOS_1_ee_ulockres.o)
 .debug_frame   0x000012f0       0x30 .\CortexM3\ARM_GCC_541\Debug\EAA_Lab2.a(ErikaOS_1_cortex_mx_ee_utils.o)
 .debug_frame   0x00001320       0x50 .\CortexM3\ARM_GCC_541\Debug\EAA_Lab2.a(SEVEN_DP.o)
 .debug_frame   0x00001370       0x50 .\CortexM3\ARM_GCC_541\Debug\EAA_Lab2.a(SEVEN_SELECT.o)
 .debug_frame   0x000013c0       0x30 .\CortexM3\ARM_GCC_541\Debug\EAA_Lab2.a(SEVEN_reg.o)
 .debug_frame   0x000013f0       0x50 .\CortexM3\ARM_GCC_541\Debug\EAA_Lab2.a(BUTTON_1.o)
 .debug_frame   0x00001440      0x104 .\CortexM3\ARM_GCC_541\Debug\EAA_Lab2.a(isr_Button.o)
 .debug_frame   0x00001544       0x50 .\CortexM3\ARM_GCC_541\Debug\EAA_Lab2.a(BUTTON_2.o)
 .debug_frame   0x00001594       0x50 .\CortexM3\ARM_GCC_541\Debug\EAA_Lab2.a(BUTTON_3.o)
 .debug_frame   0x000015e4       0x50 .\CortexM3\ARM_GCC_541\Debug\EAA_Lab2.a(BUTTON_4.o)
 .debug_frame   0x00001634       0x50 .\CortexM3\ARM_GCC_541\Debug\EAA_Lab2.a(LED_red.o)
 .debug_frame   0x00001684       0x50 .\CortexM3\ARM_GCC_541\Debug\EAA_Lab2.a(LED_yellow.o)
 .debug_frame   0x000016d4       0x50 .\CortexM3\ARM_GCC_541\Debug\EAA_Lab2.a(LED_green.o)
 .debug_frame   0x00001724      0x250 .\CortexM3\ARM_GCC_541\Debug\EAA_Lab2.a(UART_LOG.o)
 .debug_frame   0x00001974       0xf8 .\CortexM3\ARM_GCC_541\Debug\EAA_Lab2.a(RGB_PWM_red.o)
 .debug_frame   0x00001a6c       0xf8 .\CortexM3\ARM_GCC_541\Debug\EAA_Lab2.a(RGB_PWM_green.o)
 .debug_frame   0x00001b64       0xf8 .\CortexM3\ARM_GCC_541\Debug\EAA_Lab2.a(RGB_PWM_blue.o)
 .debug_frame   0x00001c5c       0xe0 .\CortexM3\ARM_GCC_541\Debug\EAA_Lab2.a(UART_LOG_IntClock.o)
 .debug_frame   0x00001d3c      0x1f8 .\CortexM3\ARM_GCC_541\Debug\EAA_Lab2.a(CyDmac.o)
 .debug_frame   0x00001f34      0x738 .\CortexM3\ARM_GCC_541\Debug\EAA_Lab2.a(CyLib.o)
 .debug_frame   0x0000266c      0x1f8 .\CortexM3\ARM_GCC_541\Debug\EAA_Lab2.a(cyPm.o)
 .debug_frame   0x00002864      0x1e8 .\CortexM3\ARM_GCC_541\Debug\EAA_Lab2.a(TFT_SPI.o)
 .debug_frame   0x00002a4c       0x50 .\CortexM3\ARM_GCC_541\Debug\EAA_Lab2.a(TFT_DC.o)
 .debug_frame   0x00002a9c       0x50 .\CortexM3\ARM_GCC_541\Debug\EAA_Lab2.a(TFT_RES.o)
 .debug_frame   0x00002aec       0xe8 .\CortexM3\ARM_GCC_541\Debug\EAA_Lab2.a(TFT_BackLight.o)
 .debug_frame   0x00002bd4       0xe0 .\CortexM3\ARM_GCC_541\Debug\EAA_Lab2.a(TFT_SPI_IntClock.o)
 .debug_frame   0x00002cb4       0x2c .\CortexM3\ARM_GCC_541\Debug\EAA_Lab2.a(ErikaOS_1_ee_tnterm.o)
 .debug_frame   0x00002ce0       0x2c .\CortexM3\ARM_GCC_541\Debug\EAA_Lab2.a(ErikaOS_1_ee_tstub.o)
 .debug_frame   0x00002d0c       0x2c .\CortexM3\ARM_GCC_541\Debug\EAA_Lab2.a(ErikaOS_1_ee_ulockallres.o)
 .debug_frame   0x00002d38       0x3c .\CortexM3\ARM_GCC_541\Debug\EAA_Lab2.a(ErikaOS_1_cortex_mx_ee_context.o)
 .debug_frame   0x00002d74      0x194 .\CortexM3\ARM_GCC_541\Debug\EAA_Lab2.a(CyFlash.o)
 .debug_frame   0x00002f08      0x180 .\CortexM3\ARM_GCC_541\Debug\EAA_Lab2.a(CySpc.o)
 .debug_frame   0x00003088       0x5c .\CortexM3\ARM_GCC_541\Debug\EAA_Lab2.a(ErikaOS_1_ee_thendin.o)
 .debug_frame   0x000030e4       0x20 c:/program files (x86)/cypress/psoc creator/4.4/psoc creator/import/gnu/arm/5.4.1/bin/../lib/gcc/arm-none-eabi/5.4.1/../../../../arm-none-eabi/lib/armv7-m\libg_nano.a(lib_a-errno.o)
 .debug_frame   0x00003104       0x28 c:/program files (x86)/cypress/psoc creator/4.4/psoc creator/import/gnu/arm/5.4.1/bin/../lib/gcc/arm-none-eabi/5.4.1/../../../../arm-none-eabi/lib/armv7-m\libg_nano.a(lib_a-exit.o)
 .debug_frame   0x0000312c       0x2c c:/program files (x86)/cypress/psoc creator/4.4/psoc creator/import/gnu/arm/5.4.1/bin/../lib/gcc/arm-none-eabi/5.4.1/../../../../arm-none-eabi/lib/armv7-m\libg_nano.a(lib_a-init.o)
 .debug_frame   0x00003158       0x38 c:/program files (x86)/cypress/psoc creator/4.4/psoc creator/import/gnu/arm/5.4.1/bin/../lib/gcc/arm-none-eabi/5.4.1/../../../../arm-none-eabi/lib/armv7-m\libg_nano.a(lib_a-itoa.o)
 .debug_frame   0x00003190       0x28 c:/program files (x86)/cypress/psoc creator/4.4/psoc creator/import/gnu/arm/5.4.1/bin/../lib/gcc/arm-none-eabi/5.4.1/../../../../arm-none-eabi/lib/armv7-m\libg_nano.a(lib_a-memcpy-stub.o)
 .debug_frame   0x000031b8       0x20 c:/program files (x86)/cypress/psoc creator/4.4/psoc creator/import/gnu/arm/5.4.1/bin/../lib/gcc/arm-none-eabi/5.4.1/../../../../arm-none-eabi/lib/armv7-m\libg_nano.a(lib_a-memset.o)
 .debug_frame   0x000031d8       0x70 c:/program files (x86)/cypress/psoc creator/4.4/psoc creator/import/gnu/arm/5.4.1/bin/../lib/gcc/arm-none-eabi/5.4.1/../../../../arm-none-eabi/lib/armv7-m\libg_nano.a(lib_a-sprintf.o)
 .debug_frame   0x00003248       0x44 c:/program files (x86)/cypress/psoc creator/4.4/psoc creator/import/gnu/arm/5.4.1/bin/../lib/gcc/arm-none-eabi/5.4.1/../../../../arm-none-eabi/lib/armv7-m\libg_nano.a(lib_a-utoa.o)
 .debug_frame   0x0000328c       0x90 c:/program files (x86)/cypress/psoc creator/4.4/psoc creator/import/gnu/arm/5.4.1/bin/../lib/gcc/arm-none-eabi/5.4.1/../../../../arm-none-eabi/lib/armv7-m\libg_nano.a(lib_a-nano-svfprintf.o)
 .debug_frame   0x0000331c       0x60 c:/program files (x86)/cypress/psoc creator/4.4/psoc creator/import/gnu/arm/5.4.1/bin/../lib/gcc/arm-none-eabi/5.4.1/../../../../arm-none-eabi/lib/armv7-m\libg_nano.a(lib_a-nano-vfprintf_i.o)
 .debug_frame   0x0000337c       0x28 c:/program files (x86)/cypress/psoc creator/4.4/psoc creator/import/gnu/arm/5.4.1/bin/../lib/gcc/arm-none-eabi/5.4.1/../../../../arm-none-eabi/lib/armv7-m\libg_nano.a(lib_a-memchr-stub.o)
 .debug_frame   0x000033a4       0x28 c:/program files (x86)/cypress/psoc creator/4.4/psoc creator/import/gnu/arm/5.4.1/bin/../lib/gcc/arm-none-eabi/5.4.1/../../../../arm-none-eabi/lib/armv7-m\libg_nano.a(lib_a-memmove.o)
 .debug_frame   0x000033cc       0x38 c:/program files (x86)/cypress/psoc creator/4.4/psoc creator/import/gnu/arm/5.4.1/bin/../lib/gcc/arm-none-eabi/5.4.1/../../../../arm-none-eabi/lib/armv7-m\libg_nano.a(lib_a-nano-freer.o)
 .debug_frame   0x00003404       0x2c c:/program files (x86)/cypress/psoc creator/4.4/psoc creator/import/gnu/arm/5.4.1/bin/../lib/gcc/arm-none-eabi/5.4.1/../../../../arm-none-eabi/lib/armv7-m\libg_nano.a(lib_a-nano-mallocr.o)
 .debug_frame   0x00003430       0x3c c:/program files (x86)/cypress/psoc creator/4.4/psoc creator/import/gnu/arm/5.4.1/bin/../lib/gcc/arm-none-eabi/5.4.1/../../../../arm-none-eabi/lib/armv7-m\libg_nano.a(lib_a-nano-reallocr.o)
 .debug_frame   0x0000346c       0x2c c:/program files (x86)/cypress/psoc creator/4.4/psoc creator/import/gnu/arm/5.4.1/bin/../lib/gcc/arm-none-eabi/5.4.1/../../../../arm-none-eabi/lib/armv7-m\libg_nano.a(lib_a-sbrkr.o)
 .debug_frame   0x00003498       0x30 c:/program files (x86)/cypress/psoc creator/4.4/psoc creator/import/gnu/arm/5.4.1/bin/../lib/gcc/arm-none-eabi/5.4.1/../../../../arm-none-eabi/lib/armv7-m\libg_nano.a(lib_a-mlock.o)
 .debug_frame   0x000034c8       0x20 c:/program files (x86)/cypress/psoc creator/4.4/psoc creator/import/gnu/arm/5.4.1/bin/../lib/gcc/arm-none-eabi/5.4.1/../../../../arm-none-eabi/lib/armv7-m\libg_nano.a(lib_a-nano-msizer.o)
 .debug_frame   0x000034e8       0x5c c:/program files (x86)/cypress/psoc creator/4.4/psoc creator/import/gnu/arm/5.4.1/bin/../lib/gcc/arm-none-eabi/5.4.1/../../../../arm-none-eabi/lib/armv7-m\libg_nano.a(lib_a-reent.o)

.debug_str      0x00000000     0x5fd3
 *(.debug_str)
 .debug_str     0x00000000      0xa04 .\CortexM3\ARM_GCC_541\Debug\main.o
                                0xab2 (size before relaxing)
 .debug_str     0x00000a04      0x1e6 .\CortexM3\ARM_GCC_541\Debug\statemachine.o
                                0x614 (size before relaxing)
 .debug_str     0x00000bea      0x248 .\CortexM3\ARM_GCC_541\Debug\swc_clock.o
                                0xab4 (size before relaxing)
 .debug_str     0x00000e32       0xd8 .\CortexM3\ARM_GCC_541\Debug\tsk_control.o
                                0x352 (size before relaxing)
 .debug_str     0x00000f0a       0xad .\CortexM3\ARM_GCC_541\Debug\tsk_io.o
                                0x97b (size before relaxing)
 .debug_str     0x00000fb7      0x34c .\CortexM3\ARM_GCC_541\Debug\clock_type.o
                                0xc3c (size before relaxing)
 .debug_str     0x00001303      0x7d3 .\CortexM3\ARM_GCC_541\Debug\tft.o
                                0xd2e (size before relaxing)
 .debug_str     0x00001ad6       0xc8 .\CortexM3\ARM_GCC_541\Debug\button.o
                                0x4de (size before relaxing)
 .debug_str     0x00001b9e      0x1a5 .\CortexM3\ARM_GCC_541\Debug\led.o
                                0x5bb (size before relaxing)